Archive member included to satisfy reference by file (symbol)

libbb/lib.a(appletlib.o)      /usr/lib/gcc/x86_64-linux-gnu/4.8/../../../x86_64-linux-gnu/crt1.o (main)
libbb/lib.a(compare_string_array.o)
                              libbb/lib.a(appletlib.o) (is_prefixed_with)
libbb/lib.a(concat_path_file.o)
                              libbb/lib.a(appletlib.o) (concat_path_file)
libbb/lib.a(default_error_retval.o)
                              libbb/lib.a(appletlib.o) (xfunc_error_retval)
libbb/lib.a(get_last_path_component.o)
                              libbb/lib.a(appletlib.o) (bb_basename)
libbb/lib.a(last_char_is.o)   libbb/lib.a(concat_path_file.o) (last_char_is)
libbb/lib.a(llist.o)          libbb/lib.a(appletlib.o) (llist_free)
libbb/lib.a(messages.o)       libbb/lib.a(appletlib.o) (bb_busybox_exec_path)
libbb/lib.a(perror_msg.o)     libbb/lib.a(appletlib.o) (bb_perror_msg_and_die)
libbb/lib.a(ptr_to_globals.o)
                              libbb/lib.a(appletlib.o) (bb_errno)
libbb/lib.a(skip_whitespace.o)
                              libbb/lib.a(appletlib.o) (skip_whitespace)
libbb/lib.a(verror_msg.o)     libbb/lib.a(perror_msg.o) (bb_verror_msg)
libbb/lib.a(wfopen.o)         libbb/lib.a(appletlib.o) (fopen_for_read)
libbb/lib.a(xfunc_die.o)      libbb/lib.a(appletlib.o) (xfunc_die)
libbb/lib.a(xfuncs.o)         libbb/lib.a(appletlib.o) (full_write2_str)
libbb/lib.a(xfuncs_printf.o)  libbb/lib.a(appletlib.o) (malloc_or_warn)
libbb/lib.a(xreadlink.o)      libbb/lib.a(appletlib.o) (xmalloc_readlink)
libbb/lib.a(copyfd.o)         libbb/lib.a(xfuncs_printf.o) (bb_copyfd_eof)
libbb/lib.a(full_write.o)     libbb/lib.a(verror_msg.o) (full_write)
libbb/lib.a(read.o)           libbb/lib.a(copyfd.o) (safe_read)
libbb/lib.a(safe_write.o)     libbb/lib.a(full_write.o) (safe_write)
libbb/lib.a(signals.o)        libbb/lib.a(xfuncs_printf.o) (kill_myself_with_sig)
libbb/lib.a(time.o)           libbb/lib.a(xfuncs_printf.o) (monotonic_us)
libbb/lib.a(bb_strtonum.o)    libbb/lib.a(time.o) (bb_strtoll)
libpwdgrp/lib.a(pwd_grp.o)    libbb/lib.a(appletlib.o) (bb_internal_getpwnam)
libpwdgrp/lib.a(uidgid_get.o)
                              libbb/lib.a(appletlib.o) (get_uidgid)
loginutils/lib.a(add-remove-shell.o)
                              libbb/lib.a(appletlib.o) (add_remove_shell_main)
loginutils/lib.a(addgroup.o)  libbb/lib.a(appletlib.o) (addgroup_main)
loginutils/lib.a(adduser.o)   libbb/lib.a(appletlib.o) (adduser_main)
loginutils/lib.a(chpasswd.o)  libbb/lib.a(appletlib.o) (chpasswd_main)
loginutils/lib.a(cryptpw.o)   libbb/lib.a(appletlib.o) (cryptpw_main)
loginutils/lib.a(deluser.o)   libbb/lib.a(appletlib.o) (deluser_main)
loginutils/lib.a(getty.o)     libbb/lib.a(appletlib.o) (getty_main)
loginutils/lib.a(login.o)     libbb/lib.a(appletlib.o) (login_main)
loginutils/lib.a(passwd.o)    libbb/lib.a(appletlib.o) (passwd_main)
loginutils/lib.a(su.o)        libbb/lib.a(appletlib.o) (su_main)
loginutils/lib.a(sulogin.o)   libbb/lib.a(appletlib.o) (sulogin_main)
loginutils/lib.a(vlock.o)     libbb/lib.a(appletlib.o) (vlock_main)
mailutils/lib.a(makemime.o)   libbb/lib.a(appletlib.o) (makemime_main)
mailutils/lib.a(popmaildir.o)
                              libbb/lib.a(appletlib.o) (popmaildir_main)
mailutils/lib.a(reformime.o)  libbb/lib.a(appletlib.o) (reformime_main)
mailutils/lib.a(sendmail.o)   libbb/lib.a(appletlib.o) (sendmail_main)
mailutils/lib.a(mail.o)       mailutils/lib.a(popmaildir.o) (launch_helper)
miscutils/lib.a(adjtimex.o)   libbb/lib.a(appletlib.o) (adjtimex_main)
miscutils/lib.a(beep.o)       libbb/lib.a(appletlib.o) (beep_main)
miscutils/lib.a(chat.o)       libbb/lib.a(appletlib.o) (chat_main)
miscutils/lib.a(chrt.o)       libbb/lib.a(appletlib.o) (chrt_main)
miscutils/lib.a(conspy.o)     libbb/lib.a(appletlib.o) (conspy_main)
miscutils/lib.a(crond.o)      libbb/lib.a(appletlib.o) (crond_main)
miscutils/lib.a(crontab.o)    libbb/lib.a(appletlib.o) (crontab_main)
miscutils/lib.a(dc.o)         libbb/lib.a(appletlib.o) (dc_main)
miscutils/lib.a(devmem.o)     libbb/lib.a(appletlib.o) (devmem_main)
miscutils/lib.a(eject.o)      libbb/lib.a(appletlib.o) (eject_main)
miscutils/lib.a(fbsplash.o)   libbb/lib.a(appletlib.o) (fbsplash_main)
miscutils/lib.a(hdparm.o)     libbb/lib.a(appletlib.o) (hdparm_main)
miscutils/lib.a(i2c_tools.o)  libbb/lib.a(appletlib.o) (i2cget_main)
miscutils/lib.a(ionice.o)     libbb/lib.a(appletlib.o) (ionice_main)
miscutils/lib.a(last_fancy.o)
                              libbb/lib.a(appletlib.o) (last_main)
miscutils/lib.a(less.o)       libbb/lib.a(appletlib.o) (less_main)
miscutils/lib.a(makedevs.o)   libbb/lib.a(appletlib.o) (makedevs_main)
miscutils/lib.a(man.o)        libbb/lib.a(appletlib.o) (man_main)
miscutils/lib.a(microcom.o)   libbb/lib.a(appletlib.o) (microcom_main)
miscutils/lib.a(mountpoint.o)
                              libbb/lib.a(appletlib.o) (mountpoint_main)
miscutils/lib.a(mt.o)         libbb/lib.a(appletlib.o) (mt_main)
[...]
Memory Configuration

Name             Origin             Length             Attributes
*default*        0x0000000000000000 0xffffffffffffffff

Linker script and memory map

LOAD /usr/lib/gcc/x86_64-linux-gnu/4.8/../../../x86_64-linux-gnu/crt1.o
LOAD /usr/lib/gcc/x86_64-linux-gnu/4.8/../../../x86_64-linux-gnu/crti.o
LOAD /usr/lib/gcc/x86_64-linux-gnu/4.8/crtbegin.o
START GROUP
LOAD applets/built-in.o
LOAD archival/lib.a
LOAD archival/libarchive/lib.a
LOAD console-tools/lib.a
LOAD coreutils/lib.a
LOAD coreutils/libcoreutils/lib.a
LOAD debianutils/lib.a
LOAD e2fsprogs/lib.a
LOAD editors/lib.a
LOAD findutils/lib.a
LOAD init/lib.a
LOAD libbb/lib.a
LOAD libpwdgrp/lib.a
LOAD loginutils/lib.a
LOAD mailutils/lib.a
LOAD miscutils/lib.a
LOAD modutils/lib.a
LOAD networking/lib.a
LOAD networking/libiproute/lib.a
LOAD networking/udhcp/lib.a
LOAD printutils/lib.a
LOAD procps/lib.a
LOAD runit/lib.a
LOAD selinux/lib.a
LOAD shell/lib.a
LOAD sysklogd/lib.a
LOAD util-linux/lib.a
LOAD util-linux/volume_id/lib.a
LOAD archival/built-in.o
LOAD archival/libarchive/built-in.o
LOAD console-tools/built-in.o
LOAD coreutils/built-in.o
LOAD coreutils/libcoreutils/built-in.o
LOAD debianutils/built-in.o
LOAD e2fsprogs/built-in.o
LOAD editors/built-in.o
LOAD findutils/built-in.o
LOAD init/built-in.o
LOAD libbb/built-in.o
LOAD libpwdgrp/built-in.o
LOAD loginutils/built-in.o
LOAD mailutils/built-in.o
LOAD miscutils/built-in.o
LOAD modutils/built-in.o
LOAD networking/built-in.o
LOAD networking/libiproute/built-in.o
LOAD networking/udhcp/built-in.o
LOAD printutils/built-in.o
LOAD procps/built-in.o
LOAD runit/built-in.o
LOAD selinux/built-in.o
LOAD shell/built-in.o
LOAD sysklogd/built-in.o
LOAD util-linux/built-in.o
LOAD util-linux/volume_id/built-in.o
END GROUP
START GROUP
LOAD /usr/lib/gcc/x86_64-linux-gnu/4.8/../../../x86_64-linux-gnu/libm.so
END GROUP
LOAD /usr/lib/gcc/x86_64-linux-gnu/4.8/libgcc.a
LOAD /usr/lib/gcc/x86_64-linux-gnu/4.8/libgcc_eh.a
LOAD /usr/lib/gcc/x86_64-linux-gnu/4.8/../../../x86_64-linux-gnu/libc.so
START GROUP
LOAD /lib/x86_64-linux-gnu/libc.so.6
LOAD /usr/lib/x86_64-linux-gnu/libc_nonshared.a
LOAD /lib/x86_64-linux-gnu/ld-linux-x86-64.so.2
END GROUP
LOAD /usr/lib/gcc/x86_64-linux-gnu/4.8/libgcc.a
LOAD /usr/lib/gcc/x86_64-linux-gnu/4.8/libgcc_eh.a
LOAD /usr/lib/gcc/x86_64-linux-gnu/4.8/crtend.o
LOAD /usr/lib/gcc/x86_64-linux-gnu/4.8/../../../x86_64-linux-gnu/crtn.o
                0x0000000000400000                PROVIDE (__executable_start, 0x400000)
                0x0000000000400238                . = (0x400000 + SIZEOF_HEADERS)

.interp         0x0000000000400238       0x1c
 *(SORT(.interp))
 .interp        0x0000000000400238       0x1c /usr/lib/gcc/x86_64-linux-gnu/4.8/../../../x86_64-linux-gnu/crt1.o

.note.ABI-tag   0x0000000000400254       0x20
 .note.ABI-tag  0x0000000000400254       0x20 /usr/lib/gcc/x86_64-linux-gnu/4.8/../../../x86_64-linux-gnu/crt1.o

.note.gnu.build-id
                0x0000000000400274       0x24
 *(SORT(.note.gnu.build-id))
 .note.gnu.build-id
                0x0000000000400274       0x24 /usr/lib/gcc/x86_64-linux-gnu/4.8/../../../x86_64-linux-gnu/crt1.o

.hash
 *(SORT(.hash))

.gnu.hash       0x0000000000400298       0xbc
 *(SORT(.gnu.hash))
 .gnu.hash      0x0000000000400298       0xbc /usr/lib/gcc/x86_64-linux-gnu/4.8/../../../x86_64-linux-gnu/crt1.o

.dynsym         0x0000000000400358     0x2490
 *(SORT(.dynsym))
 .dynsym        0x0000000000400358     0x2490 /usr/lib/gcc/x86_64-linux-gnu/4.8/../../../x86_64-linux-gnu/crt1.o

.dynstr         0x00000000004027e8      0xde0
 *(SORT(.dynstr))
 .dynstr        0x00000000004027e8      0xde0 /usr/lib/gcc/x86_64-linux-gnu/4.8/../../../x86_64-linux-gnu/crt1.o

.gnu.version    0x00000000004035c8      0x30c
 *(SORT(.gnu.version))
 .gnu.version   0x00000000004035c8      0x30c /usr/lib/gcc/x86_64-linux-gnu/4.8/../../../x86_64-linux-gnu/crt1.o

.gnu.version_d  0x00000000004038d8        0x0
 *(SORT(.gnu.version_d))
 .gnu.version_d
                0x0000000000000000        0x0 /usr/lib/gcc/x86_64-linux-gnu/4.8/../../../x86_64-linux-gnu/crt1.o

.gnu.version_r  0x00000000004038d8       0xe0
 *(SORT(.gnu.version_r))
 .gnu.version_r
                0x00000000004038d8       0xe0 /usr/lib/gcc/x86_64-linux-gnu/4.8/../../../x86_64-linux-gnu/crt1.o

.rela.dyn       0x00000000004039b8       0xd8
 *(SORT(.rela.init))
 *(SORT(.rela.text) SORT(.rela.text.*) SORT(.rela.gnu.linkonce.t.*))
 .rela.text     0x0000000000000000        0x0 /usr/lib/gcc/x86_64-linux-gnu/4.8/../../../x86_64-linux-gnu/crt1.o
 .rela.text.get_trimmed_slice
                0x0000000000000000        0x0 /usr/lib/gcc/x86_64-linux-gnu/4.8/../../../x86_64-linux-gnu/crt1.o
 .rela.text.find_applet_by_name
                0x0000000000000000        0x0 /usr/lib/gcc/x86_64-linux-gnu/4.8/../../../x86_64-linux-gnu/crt1.o
 .rela.text.bb_show_usage
                0x0000000000000000        0x0 /usr/lib/gcc/x86_64-linux-gnu/4.8/../../../x86_64-linux-gnu/crt1.o
 .rela.text.parse_config_file
                0x0000000000000000        0x0 /usr/lib/gcc/x86_64-linux-gnu/4.8/../../../x86_64-linux-gnu/crt1.o
 .rela.text.lbb_prepare
                0x0000000000000000        0x0 /usr/lib/gcc/x86_64-linux-gnu/4.8/../../../x86_64-linux-gnu/crt1.o
 .rela.text.run_applet_no_and_exit
                0x0000000000000000        0x0 /usr/lib/gcc/x86_64-linux-gnu/4.8/../../../x86_64-linux-gnu/crt1.o
 .rela.text.run_applet_and_exit
                0x0000000000000000        0x0 /usr/lib/gcc/x86_64-linux-gnu/4.8/../../../x86_64-linux-gnu/crt1.o
 .rela.text.main
                0x0000000000000000        0x0 /usr/lib/gcc/x86_64-linux-gnu/4.8/../../../x86_64-linux-gnu/crt1.o
 .rela.text.is_suffixed_with
                0x0000000000000000        0x0 /usr/lib/gcc/x86_64-linux-gnu/4.8/../../../x86_64-linux-gnu/crt1.o
 .rela.text.index_in_str_array
                0x0000000000000000        0x0 /usr/lib/gcc/x86_64-linux-gnu/4.8/../../../x86_64-linux-gnu/crt1.o
 .rela.text.index_in_strings
                0x0000000000000000        0x0 /usr/lib/gcc/x86_64-linux-gnu/4.8/../../../x86_64-linux-gnu/crt1.o
 .rela.text.index_in_substrings
                0x0000000000000000        0x0 /usr/lib/gcc/x86_64-linux-gnu/4.8/../../../x86_64-linux-gnu/crt1.o
 .rela.text.nth_string
                0x0000000000000000        0x0 /usr/lib/gcc/x86_64-linux-gnu/4.8/../../../x86_64-linux-gnu/crt1.o
 .rela.text.concat_path_file
                0x0000000000000000        0x0 /usr/lib/gcc/x86_64-linux-gnu/4.8/../../../x86_64-linux-gnu/crt1.o
 .rela.text.bb_basename
                0x0000000000000000        0x0 /usr/lib/gcc/x86_64-linux-gnu/4.8/../../../x86_64-linux-gnu/crt1.o
 .rela.text.bb_get_last_path_component_nostrip
                0x0000000000000000        0x0 /usr/lib/gcc/x86_64-linux-gnu/4.8/../../../x86_64-linux-gnu/crt1.o
 .rela.text.bb_get_last_path_component_strip
                0x0000000000000000        0x0 /usr/lib/gcc/x86_64-linux-gnu/4.8/../../../x86_64-linux-gnu/crt1.o
 .rela.text.last_char_is
                0x0000000000000000        0x0 /usr/lib/gcc/x86_64-linux-gnu/4.8/../../../x86_64-linux-gnu/crt1.o
 .rela.text.llist_add_to
                0x0000000000000000        0x0 /usr/lib/gcc/x86_64-linux-gnu/4.8/../../../x86_64-linux-gnu/crt1.o
 .rela.text.llist_add_to_end
                0x0000000000000000        0x0 /usr/lib/gcc/x86_64-linux-gnu/4.8/../../../x86_64-linux-gnu/crt1.o
 .rela.text.llist_pop
                0x0000000000000000        0x0 /usr/lib/gcc/x86_64-linux-gnu/4.8/../../../x86_64-linux-gnu/crt1.o
 .rela.text.llist_find_str
                0x0000000000000000        0x0 /usr/lib/gcc/x86_64-linux-gnu/4.8/../../../x86_64-linux-gnu/crt1.o
 .rela.text.bb_perror_msg
                0x0000000000000000        0x0 /usr/lib/gcc/x86_64-linux-gnu/4.8/../../../x86_64-linux-gnu/crt1.o
 .rela.text.bb_perror_msg_and_die
                0x0000000000000000        0x0 /usr/lib/gcc/x86_64-linux-gnu/4.8/../../../x86_64-linux-gnu/crt1.o
 .rela.text.bb_verror_msg
                0x0000000000000000        0x0 /usr/lib/gcc/x86_64-linux-gnu/4.8/../../../x86_64-linux-gnu/crt1.o
 .rela.text.bb_error_msg_and_die
                0x0000000000000000        0x0 /usr/lib/gcc/x86_64-linux-gnu/4.8/../../../x86_64-linux-gnu/crt1.o
 .rela.text.xfdopen_helper
                0x0000000000000000        0x0 /usr/lib/gcc/x86_64-linux-gnu/4.8/../../../x86_64-linux-gnu/crt1.o
 .rela.text.fopen_or_warn
                0x0000000000000000        0x0 /usr/lib/gcc/x86_64-linux-gnu/4.8/../../../x86_64-linux-gnu/crt1.o
 .rela.text.fopen_for_read
                0x0000000000000000        0x0 /usr/lib/gcc/x86_64-linux-gnu/4.8/../../../x86_64-linux-gnu/crt1.o
 .rela.text.xfopen_for_read
                0x0000000000000000        0x0 /usr/lib/gcc/x86_64-linux-gnu/4.8/../../../x86_64-linux-gnu/crt1.o
 .rela.text.fopen_for_write
                0x0000000000000000        0x0 /usr/lib/gcc/x86_64-linux-gnu/4.8/../../../x86_64-linux-gnu/crt1.o
 .rela.text.xfopen_for_write
                0x0000000000000000        0x0 /usr/lib/gcc/x86_64-linux-gnu/4.8/../../../x86_64-linux-gnu/crt1.o
 .rela.text.xfunc_die
                0x0000000000000000        0x0 /usr/lib/gcc/x86_64-linux-gnu/4.8/../../../x86_64-linux-gnu/crt1.o
 .rela.text.ndelay_on
                0x0000000000000000        0x0 /usr/lib/gcc/x86_64-linux-gnu/4.8/../../../x86_64-linux-gnu/crt1.o
 .rela.text.ndelay_off
                0x0000000000000000        0x0 /usr/lib/gcc/x86_64-linux-gnu/4.8/../../../x86_64-linux-gnu/crt1.o
 .rela.text.close_on_exec_on
                0x0000000000000000        0x0 /usr/lib/gcc/x86_64-linux-gnu/4.8/../../../x86_64-linux-gnu/crt1.o
 .rela.text.strncpy_IFNAMSIZ
                0x0000000000000000        0x0 /usr/lib/gcc/x86_64-linux-gnu/4.8/../../../x86_64-linux-gnu/crt1.o
 .rela.text.hex2bin
                0x0000000000000000        0x0 /usr/lib/gcc/x86_64-linux-gnu/4.8/../../../x86_64-linux-gnu/crt1.o
 .rela.text.bb_putchar_stderr
                0x0000000000000000        0x0 /usr/lib/gcc/x86_64-linux-gnu/4.8/../../../x86_64-linux-gnu/crt1.o
 .rela.text.full_write1_str
                0x0000000000000000        0x0 /usr/lib/gcc/x86_64-linux-gnu/4.8/../../../x86_64-linux-gnu/crt1.o
 .rela.text.full_write2_str
                0x0000000000000000        0x0 /usr/lib/gcc/x86_64-linux-gnu/4.8/../../../x86_64-linux-gnu/crt1.o
 .rela.text.get_terminal_width_height
                0x0000000000000000        0x0 /usr/lib/gcc/x86_64-linux-gnu/4.8/../../../x86_64-linux-gnu/crt1.o
 .rela.text.tcsetattr_stdin_TCSANOW
                0x0000000000000000        0x0 /usr/lib/gcc/x86_64-linux-gnu/4.8/../../../x86_64-linux-gnu/crt1.o
 .rela.text.safe_waitpid
                0x0000000000000000        0x0 /usr/lib/gcc/x86_64-linux-gnu/4.8/../../../x86_64-linux-gnu/crt1.o
 .rela.text.malloc_or_warn
                0x0000000000000000        0x0 /usr/lib/gcc/x86_64-linux-gnu/4.8/../../../x86_64-linux-gnu/crt1.o
 .rela.text.xmalloc
                0x0000000000000000        0x0 /usr/lib/gcc/x86_64-linux-gnu/4.8/../../../x86_64-linux-gnu/crt1.o
 .rela.text.xrealloc
                0x0000000000000000        0x0 /usr/lib/gcc/x86_64-linux-gnu/4.8/../../../x86_64-linux-gnu/crt1.o
 .rela.text.xstrdup
                0x0000000000000000        0x0 /usr/lib/gcc/x86_64-linux-gnu/4.8/../../../x86_64-linux-gnu/crt1.o
 .rela.text.xfopen
                0x0000000000000000        0x0 /usr/lib/gcc/x86_64-linux-gnu/4.8/../../../x86_64-linux-gnu/crt1.o
 .rela.text.xopen3
                0x0000000000000000        0x0 /usr/lib/gcc/x86_64-linux-gnu/4.8/../../../x86_64-linux-gnu/crt1.o
 .rela.text.open3_or_warn
                0x0000000000000000        0x0 /usr/lib/gcc/x86_64-linux-gnu/4.8/../../../x86_64-linux-gnu/crt1.o
 .rela.text.xunlink
                0x0000000000000000        0x0 /usr/lib/gcc/x86_64-linux-gnu/4.8/../../../x86_64-linux-gnu/crt1.o
 .rela.text.xrename
                0x0000000000000000        0x0 /usr/lib/gcc/x86_64-linux-gnu/4.8/../../../x86_64-linux-gnu/crt1.o
 .rela.text.rename_or_warn
                0x0000000000000000        0x0 /usr/lib/gcc/x86_64-linux-gnu/4.8/../../../x86_64-linux-gnu/crt1.o
 .rela.text.xpipe
                0x0000000000000000        0x0 /usr/lib/gcc/x86_64-linux-gnu/4.8/../../../x86_64-linux-gnu/crt1.o
 .rela.text.xdup2
                0x0000000000000000        0x0 /usr/lib/gcc/x86_64-linux-gnu/4.8/../../../x86_64-linux-gnu/crt1.o
 .rela.text.xmove_fd
                0x0000000000000000        0x0 /usr/lib/gcc/x86_64-linux-gnu/4.8/../../../x86_64-linux-gnu/crt1.o
 .rela.text.xwrite
                0x0000000000000000        0x0 /usr/lib/gcc/x86_64-linux-gnu/4.8/../../../x86_64-linux-gnu/crt1.o
 .rela.text.xwrite_str
                0x0000000000000000        0x0 /usr/lib/gcc/x86_64-linux-gnu/4.8/../../../x86_64-linux-gnu/crt1.o
 .rela.text.xclose
                0x0000000000000000        0x0 /usr/lib/gcc/x86_64-linux-gnu/4.8/../../../x86_64-linux-gnu/crt1.o
 .rela.text.xlseek
                0x0000000000000000        0x0 /usr/lib/gcc/x86_64-linux-gnu/4.8/../../../x86_64-linux-gnu/crt1.o
 .rela.text.xmkstemp
                0x0000000000000000        0x0 /usr/lib/gcc/x86_64-linux-gnu/4.8/../../../x86_64-linux-gnu/crt1.o
 .rela.text.die_if_ferror
                0x0000000000000000        0x0 /usr/lib/gcc/x86_64-linux-gnu/4.8/../../../x86_64-linux-gnu/crt1.o
 .rela.text.die_if_ferror_stdout
                0x0000000000000000        0x0 /usr/lib/gcc/x86_64-linux-gnu/4.8/../../../x86_64-linux-gnu/crt1.o
 .rela.text.fflush_all
                0x0000000000000000        0x0 /usr/lib/gcc/x86_64-linux-gnu/4.8/../../../x86_64-linux-gnu/crt1.o
 .rela.text.bb_putchar
                0x0000000000000000        0x0 /usr/lib/gcc/x86_64-linux-gnu/4.8/../../../x86_64-linux-gnu/crt1.o
 .rela.text.xprint_and_close_file
                0x0000000000000000        0x0 /usr/lib/gcc/x86_64-linux-gnu/4.8/../../../x86_64-linux-gnu/crt1.o
 .rela.text.xasprintf
                0x0000000000000000        0x0 /usr/lib/gcc/x86_64-linux-gnu/4.8/../../../x86_64-linux-gnu/crt1.o
 .rela.text.xsetenv
                0x0000000000000000        0x0 /usr/lib/gcc/x86_64-linux-gnu/4.8/../../../x86_64-linux-gnu/crt1.o
 .rela.text.bb_unsetenv
                0x0000000000000000        0x0 /usr/lib/gcc/x86_64-linux-gnu/4.8/../../../x86_64-linux-gnu/crt1.o
 .rela.text.bb_unsetenv_and_free
                0x0000000000000000        0x0 /usr/lib/gcc/x86_64-linux-gnu/4.8/../../../x86_64-linux-gnu/crt1.o
 .rela.text.xsetgid
                0x0000000000000000        0x0 /usr/lib/gcc/x86_64-linux-gnu/4.8/../../../x86_64-linux-gnu/crt1.o
 .rela.text.xsetuid
                0x0000000000000000        0x0 /usr/lib/gcc/x86_64-linux-gnu/4.8/../../../x86_64-linux-gnu/crt1.o
 .rela.text.xsetegid
                0x0000000000000000        0x0 /usr/lib/gcc/x86_64-linux-gnu/4.8/../../../x86_64-linux-gnu/crt1.o
 .rela.text.xseteuid
                0x0000000000000000        0x0 /usr/lib/gcc/x86_64-linux-gnu/4.8/../../../x86_64-linux-gnu/crt1.o
 .rela.text.xopen_as_uid_gid
                0x0000000000000000        0x0 /usr/lib/gcc/x86_64-linux-gnu/4.8/../../../x86_64-linux-gnu/crt1.o
 .rela.text.xchdir
                0x0000000000000000        0x0 /usr/lib/gcc/x86_64-linux-gnu/4.8/../../../x86_64-linux-gnu/crt1.o
 .rela.text.xfchdir
                0x0000000000000000        0x0 /usr/lib/gcc/x86_64-linux-gnu/4.8/../../../x86_64-linux-gnu/crt1.o
 .rela.text.xchroot
                0x0000000000000000        0x0 /usr/lib/gcc/x86_64-linux-gnu/4.8/../../../x86_64-linux-gnu/crt1.o
 .rela.text.warn_opendir
                0x0000000000000000        0x0 /usr/lib/gcc/x86_64-linux-gnu/4.8/../../../x86_64-linux-gnu/crt1.o
 .rela.text.xopendir
                0x0000000000000000        0x0 /usr/lib/gcc/x86_64-linux-gnu/4.8/../../../x86_64-linux-gnu/crt1.o
 .rela.text.xsocket
                0x0000000000000000        0x0 /usr/lib/gcc/x86_64-linux-gnu/4.8/../../../x86_64-linux-gnu/crt1.o
 .rela.text.xbind
                0x0000000000000000        0x0 /usr/lib/gcc/x86_64-linux-gnu/4.8/../../../x86_64-linux-gnu/crt1.o
 .rela.text.xlisten
                0x0000000000000000        0x0 /usr/lib/gcc/x86_64-linux-gnu/4.8/../../../x86_64-linux-gnu/crt1.o
 .rela.text.xsendto
                0x0000000000000000        0x0 /usr/lib/gcc/x86_64-linux-gnu/4.8/../../../x86_64-linux-gnu/crt1.o
 .rela.text.xstat
                0x0000000000000000        0x0 /usr/lib/gcc/x86_64-linux-gnu/4.8/../../../x86_64-linux-gnu/crt1.o
 .rela.text.xfstat
                0x0000000000000000        0x0 /usr/lib/gcc/x86_64-linux-gnu/4.8/../../../x86_64-linux-gnu/crt1.o
 .rela.text.ioctl_or_perror_and_die
                0x0000000000000000        0x0 /usr/lib/gcc/x86_64-linux-gnu/4.8/../../../x86_64-linux-gnu/crt1.o
 .rela.text.ioctl_or_perror
                0x0000000000000000        0x0 /usr/lib/gcc/x86_64-linux-gnu/4.8/../../../x86_64-linux-gnu/crt1.o
 .rela.text.bb_ioctl_or_warn
                0x0000000000000000        0x0 /usr/lib/gcc/x86_64-linux-gnu/4.8/../../../x86_64-linux-gnu/crt1.o
 .rela.text.bb_xioctl
                0x0000000000000000        0x0 /usr/lib/gcc/x86_64-linux-gnu/4.8/../../../x86_64-linux-gnu/crt1.o
 .rela.text.xmalloc_ttyname
                0x0000000000000000        0x0 /usr/lib/gcc/x86_64-linux-gnu/4.8/../../../x86_64-linux-gnu/crt1.o
 .rela.text.generate_uuid
                0x0000000000000000        0x0 /usr/lib/gcc/x86_64-linux-gnu/4.8/../../../x86_64-linux-gnu/crt1.o
 .rela.text.xfork
                0x0000000000000000        0x0 /usr/lib/gcc/x86_64-linux-gnu/4.8/../../../x86_64-linux-gnu/crt1.o
 .rela.text.xvfork_parent_waits_and_exits
                0x0000000000000000        0x0 /usr/lib/gcc/x86_64-linux-gnu/4.8/../../../x86_64-linux-gnu/crt1.o
 .rela.text.xmalloc_readlink
                0x0000000000000000        0x0 /usr/lib/gcc/x86_64-linux-gnu/4.8/../../../x86_64-linux-gnu/crt1.o
 .rela.text.xmalloc_follow_symlinks
                0x0000000000000000        0x0 /usr/lib/gcc/x86_64-linux-gnu/4.8/../../../x86_64-linux-gnu/crt1.o
 .rela.text.xmalloc_readlink_or_warn
                0x0000000000000000        0x0 /usr/lib/gcc/x86_64-linux-gnu/4.8/../../../x86_64-linux-gnu/crt1.o
 .rela.text.xmalloc_realpath
                0x0000000000000000        0x0 /usr/lib/gcc/x86_64-linux-gnu/4.8/../../../x86_64-linux-gnu/crt1.o
 .rela.text.bb_full_fd_action
                0x0000000000000000        0x0 /usr/lib/gcc/x86_64-linux-gnu/4.8/../../../x86_64-linux-gnu/crt1.o
 .rela.text.full_write
                0x0000000000000000        0x0 /usr/lib/gcc/x86_64-linux-gnu/4.8/../../../x86_64-linux-gnu/crt1.o
 .rela.text.safe_read
                0x0000000000000000        0x0 /usr/lib/gcc/x86_64-linux-gnu/4.8/../../../x86_64-linux-gnu/crt1.o
 .rela.text.read_close
                0x0000000000000000        0x0 /usr/lib/gcc/x86_64-linux-gnu/4.8/../../../x86_64-linux-gnu/crt1.o
 .rela.text.open_read_close
                0x0000000000000000        0x0 /usr/lib/gcc/x86_64-linux-gnu/4.8/../../../x86_64-linux-gnu/crt1.o
 .rela.text.safe_write
                0x0000000000000000        0x0 /usr/lib/gcc/x86_64-linux-gnu/4.8/../../../x86_64-linux-gnu/crt1.o
 .rela.text.record_signo
                0x0000000000000000        0x0 /usr/lib/gcc/x86_64-linux-gnu/4.8/../../../x86_64-linux-gnu/crt1.o
 .rela.text.sigaction_set
                0x0000000000000000        0x0 /usr/lib/gcc/x86_64-linux-gnu/4.8/../../../x86_64-linux-gnu/crt1.o
 .rela.text.sigprocmask_allsigs
                0x0000000000000000        0x0 /usr/lib/gcc/x86_64-linux-gnu/4.8/../../../x86_64-linux-gnu/crt1.o
 .rela.text.bb_signals
                0x0000000000000000        0x0 /usr/lib/gcc/x86_64-linux-gnu/4.8/../../../x86_64-linux-gnu/crt1.o
 .rela.text.sig_block
                0x0000000000000000        0x0 /usr/lib/gcc/x86_64-linux-gnu/4.8/../../../x86_64-linux-gnu/crt1.o
 .rela.text.sig_unblock
                0x0000000000000000        0x0 /usr/lib/gcc/x86_64-linux-gnu/4.8/../../../x86_64-linux-gnu/crt1.o
 .rela.text.wait_for_any_sig
                0x0000000000000000        0x0 /usr/lib/gcc/x86_64-linux-gnu/4.8/../../../x86_64-linux-gnu/crt1.o
 .rela.text.kill_myself_with_sig
                0x0000000000000000        0x0 /usr/lib/gcc/x86_64-linux-gnu/4.8/../../../x86_64-linux-gnu/crt1.o
 .rela.text.get_mono
                0x0000000000000000        0x0 /usr/lib/gcc/x86_64-linux-gnu/4.8/../../../x86_64-linux-gnu/crt1.o
 .rela.text.parse_datestr
                0x0000000000000000        0x0 /usr/lib/gcc/x86_64-linux-gnu/4.8/../../../x86_64-linux-gnu/crt1.o
 .rela.text.validate_tm_time
                0x0000000000000000        0x0 /usr/lib/gcc/x86_64-linux-gnu/4.8/../../../x86_64-linux-gnu/crt1.o
 .rela.text.strftime_HHMMSS
                0x0000000000000000        0x0 /usr/lib/gcc/x86_64-linux-gnu/4.8/../../../x86_64-linux-gnu/crt1.o
 .rela.text.strftime_YYYYMMDDHHMMSS
                0x0000000000000000        0x0 /usr/lib/gcc/x86_64-linux-gnu/4.8/../../../x86_64-linux-gnu/crt1.o
 .rela.text.handle_errors.isra.0
                0x0000000000000000        0x0 /usr/lib/gcc/x86_64-linux-gnu/4.8/../../../x86_64-linux-gnu/crt1.o
 .rela.text.bb_strtoull
                0x0000000000000000        0x0 /usr/lib/gcc/x86_64-linux-gnu/4.8/../../../x86_64-linux-gnu/crt1.o
 .rela.text.bb_strtoll
                0x0000000000000000        0x0 /usr/lib/gcc/x86_64-linux-gnu/4.8/../../../x86_64-linux-gnu/crt1.o
 .rela.text.bb_strtou
                0x0000000000000000        0x0 /usr/lib/gcc/x86_64-linux-gnu/4.8/../../../x86_64-linux-gnu/crt1.o
 .rela.text.bb_strtoi
                0x0000000000000000        0x0 /usr/lib/gcc/x86_64-linux-gnu/4.8/../../../x86_64-linux-gnu/crt1.o
 .rela.text.tokenize
                0x0000000000000000        0x0 /usr/lib/gcc/x86_64-linux-gnu/4.8/../../../x86_64-linux-gnu/crt1.o
 .rela.text.parse_common
                0x0000000000000000        0x0 /usr/lib/gcc/x86_64-linux-gnu/4.8/../../../x86_64-linux-gnu/crt1.o
 .rela.text.parse_file
                0x0000000000000000        0x0 /usr/lib/gcc/x86_64-linux-gnu/4.8/../../../x86_64-linux-gnu/crt1.o
 .rela.text.convert_to_struct
                0x0000000000000000        0x0 /usr/lib/gcc/x86_64-linux-gnu/4.8/../../../x86_64-linux-gnu/crt1.o
 .rela.text.massage_data_for_r_func
                0x0000000000000000        0x0 /usr/lib/gcc/x86_64-linux-gnu/4.8/../../../x86_64-linux-gnu/crt1.o
 .rela.text.massage_data_for_non_r_func
                0x0000000000000000        0x0 /usr/lib/gcc/x86_64-linux-gnu/4.8/../../../x86_64-linux-gnu/crt1.o
 .rela.text.getgrouplist_internal
                0x0000000000000000        0x0 /usr/lib/gcc/x86_64-linux-gnu/4.8/../../../x86_64-linux-gnu/crt1.o
 .rela.text.bb_internal_getpwent
                0x0000000000000000        0x0 /usr/lib/gcc/x86_64-linux-gnu/4.8/../../../x86_64-linux-gnu/crt1.o
 .rela.text.bb_internal_endpwent
                0x0000000000000000        0x0 /usr/lib/gcc/x86_64-linux-gnu/4.8/../../../x86_64-linux-gnu/crt1.o
 .rela.text.bb_internal_setpwent
                0x0000000000000000        0x0 /usr/lib/gcc/x86_64-linux-gnu/4.8/../../../x86_64-linux-gnu/crt1.o
 .rela.text.bb_internal_endgrent
                0x0000000000000000        0x0 /usr/lib/gcc/x86_64-linux-gnu/4.8/../../../x86_64-linux-gnu/crt1.o
 .rela.text.bb_internal_initgroups
                0x0000000000000000        0x0 /usr/lib/gcc/x86_64-linux-gnu/4.8/../../../x86_64-linux-gnu/crt1.o
 .rela.text.bb_internal_getgrouplist
                0x0000000000000000        0x0 /usr/lib/gcc/x86_64-linux-gnu/4.8/../../../x86_64-linux-gnu/crt1.o
 .rela.text.get_uidgid
                0x0000000000000000        0x0 /usr/lib/gcc/x86_64-linux-gnu/4.8/../../../x86_64-linux-gnu/crt1.o
 .rela.text.parse_chown_usergroup_or_die
                0x0000000000000000        0x0 /usr/lib/gcc/x86_64-linux-gnu/4.8/../../../x86_64-linux-gnu/crt1.o
 .rela.text.add_remove_shell_main
                0x0000000000000000        0x0 /usr/lib/gcc/x86_64-linux-gnu/4.8/../../../x86_64-linux-gnu/crt1.o
 .rela.text.addgroup_main
                0x0000000000000000        0x0 /usr/lib/gcc/x86_64-linux-gnu/4.8/../../../x86_64-linux-gnu/crt1.o
 .rela.text.addgroup_wrapper
                0x0000000000000000        0x0 /usr/lib/gcc/x86_64-linux-gnu/4.8/../../../x86_64-linux-gnu/crt1.o
 .rela.text.adduser_main
                0x0000000000000000        0x0 /usr/lib/gcc/x86_64-linux-gnu/4.8/../../../x86_64-linux-gnu/crt1.o
 .rela.text.chpasswd_main
                0x0000000000000000        0x0 /usr/lib/gcc/x86_64-linux-gnu/4.8/../../../x86_64-linux-gnu/crt1.o
 .rela.text.cryptpw_main
                0x0000000000000000        0x0 /usr/lib/gcc/x86_64-linux-gnu/4.8/../../../x86_64-linux-gnu/crt1.o
 .rela.text.deluser_main
                0x0000000000000000        0x0 /usr/lib/gcc/x86_64-linux-gnu/4.8/../../../x86_64-linux-gnu/crt1.o
 .rela.text.sleep10
                0x0000000000000000        0x0 /usr/lib/gcc/x86_64-linux-gnu/4.8/../../../x86_64-linux-gnu/crt1.o
 .rela.text.bcode
                0x0000000000000000        0x0 /usr/lib/gcc/x86_64-linux-gnu/4.8/../../../x86_64-linux-gnu/crt1.o
 .rela.text.set_tty_attrs
                0x0000000000000000        0x0 /usr/lib/gcc/x86_64-linux-gnu/4.8/../../../x86_64-linux-gnu/crt1.o
 .rela.text.finalize_tty_attrs
                0x0000000000000000        0x0 /usr/lib/gcc/x86_64-linux-gnu/4.8/../../../x86_64-linux-gnu/crt1.o
 .rela.text.alarm_handler
                0x0000000000000000        0x0 /usr/lib/gcc/x86_64-linux-gnu/4.8/../../../x86_64-linux-gnu/crt1.o
 .rela.text.getty_main
                0x0000000000000000        0x0 /usr/lib/gcc/x86_64-linux-gnu/4.8/../../../x86_64-linux-gnu/crt1.o
 .rela.text.login_main
                0x0000000000000000        0x0 /usr/lib/gcc/x86_64-linux-gnu/4.8/../../../x86_64-linux-gnu/crt1.o
 .rela.text.passwd_main
                0x0000000000000000        0x0 /usr/lib/gcc/x86_64-linux-gnu/4.8/../../../x86_64-linux-gnu/crt1.o
 .rela.text.su_main
                0x0000000000000000        0x0 /usr/lib/gcc/x86_64-linux-gnu/4.8/../../../x86_64-linux-gnu/crt1.o
 .rela.text.sulogin_main
                0x0000000000000000        0x0 /usr/lib/gcc/x86_64-linux-gnu/4.8/../../../x86_64-linux-gnu/crt1.o
 .rela.text.acquire_vt
                0x0000000000000000        0x0 /usr/lib/gcc/x86_64-linux-gnu/4.8/../../../x86_64-linux-gnu/crt1.o
 .rela.text.release_vt
                0x0000000000000000        0x0 /usr/lib/gcc/x86_64-linux-gnu/4.8/../../../x86_64-linux-gnu/crt1.o
 .rela.text.vlock_main
                0x0000000000000000        0x0 /usr/lib/gcc/x86_64-linux-gnu/4.8/../../../x86_64-linux-gnu/crt1.o
 .rela.text.makemime_main
                0x0000000000000000        0x0 /usr/lib/gcc/x86_64-linux-gnu/4.8/../../../x86_64-linux-gnu/crt1.o
 .rela.text.pop3_checkr
                0x0000000000000000        0x0 /usr/lib/gcc/x86_64-linux-gnu/4.8/../../../x86_64-linux-gnu/crt1.o
 .rela.text.popmaildir_main
                0x0000000000000000        0x0 /usr/lib/gcc/x86_64-linux-gnu/4.8/../../../x86_64-linux-gnu/crt1.o
 .rela.text.find_token
                0x0000000000000000        0x0 /usr/lib/gcc/x86_64-linux-gnu/4.8/../../../x86_64-linux-gnu/crt1.o
 .rela.text.parse
                0x0000000000000000        0x0 /usr/lib/gcc/x86_64-linux-gnu/4.8/../../../x86_64-linux-gnu/crt1.o
 .rela.text.reformime_main
                0x0000000000000000        0x0 /usr/lib/gcc/x86_64-linux-gnu/4.8/../../../x86_64-linux-gnu/crt1.o
 .rela.text.smtp_checkp
                0x0000000000000000        0x0 /usr/lib/gcc/x86_64-linux-gnu/4.8/../../../x86_64-linux-gnu/crt1.o
 .rela.text.sane_address
                0x0000000000000000        0x0 /usr/lib/gcc/x86_64-linux-gnu/4.8/../../../x86_64-linux-gnu/crt1.o
 .rela.text.angle_address
                0x0000000000000000        0x0 /usr/lib/gcc/x86_64-linux-gnu/4.8/../../../x86_64-linux-gnu/crt1.o
 .rela.text.rcptto_list
                0x0000000000000000        0x0 /usr/lib/gcc/x86_64-linux-gnu/4.8/../../../x86_64-linux-gnu/crt1.o
 .rela.text.send_r_n
                0x0000000000000000        0x0 /usr/lib/gcc/x86_64-linux-gnu/4.8/../../../x86_64-linux-gnu/crt1.o
 .rela.text.sendmail_main
                0x0000000000000000        0x0 /usr/lib/gcc/x86_64-linux-gnu/4.8/../../../x86_64-linux-gnu/crt1.o
 .rela.text.kill_helper
                0x0000000000000000        0x0 /usr/lib/gcc/x86_64-linux-gnu/4.8/../../../x86_64-linux-gnu/crt1.o
 .rela.text.signal_handler
                0x0000000000000000        0x0 /usr/lib/gcc/x86_64-linux-gnu/4.8/../../../x86_64-linux-gnu/crt1.o
 .rela.text.launch_helper
                0x0000000000000000        0x0 /usr/lib/gcc/x86_64-linux-gnu/4.8/../../../x86_64-linux-gnu/crt1.o
 .rela.text.send_mail_command
                0x0000000000000000        0x0 /usr/lib/gcc/x86_64-linux-gnu/4.8/../../../x86_64-linux-gnu/crt1.o
 .rela.text.encode_base64
                0x0000000000000000        0x0 /usr/lib/gcc/x86_64-linux-gnu/4.8/../../../x86_64-linux-gnu/crt1.o
 .rela.text.get_cred_or_die
                0x0000000000000000        0x0 /usr/lib/gcc/x86_64-linux-gnu/4.8/../../../x86_64-linux-gnu/crt1.o
 .rela.text.adjtimex_main
                0x0000000000000000        0x0 /usr/lib/gcc/x86_64-linux-gnu/4.8/../../../x86_64-linux-gnu/crt1.o
 .rela.text.beep_main
                0x0000000000000000        0x0 /usr/lib/gcc/x86_64-linux-gnu/4.8/../../../x86_64-linux-gnu/crt1.o
 .rela.text.unescape
                0x0000000000000000        0x0 /usr/lib/gcc/x86_64-linux-gnu/4.8/../../../x86_64-linux-gnu/crt1.o
 .rela.text.chat_main
                0x0000000000000000        0x0 /usr/lib/gcc/x86_64-linux-gnu/4.8/../../../x86_64-linux-gnu/crt1.o
 .rela.text.show_min_max
                0x0000000000000000        0x0 /usr/lib/gcc/x86_64-linux-gnu/4.8/../../../x86_64-linux-gnu/crt1.o
 .rela.text.chrt_main
                0x0000000000000000        0x0 /usr/lib/gcc/x86_64-linux-gnu/4.8/../../../x86_64-linux-gnu/crt1.o
 .rela.text.create_cdev_if_doesnt_exist
                0x0000000000000000        0x0 /usr/lib/gcc/x86_64-linux-gnu/4.8/../../../x86_64-linux-gnu/crt1.o
 .rela.text.start_shell_in_child
                0x0000000000000000        0x0 /usr/lib/gcc/x86_64-linux-gnu/4.8/../../../x86_64-linux-gnu/crt1.o
 .rela.text.putcsi
                0x0000000000000000        0x0 /usr/lib/gcc/x86_64-linux-gnu/4.8/../../../x86_64-linux-gnu/crt1.o
 .rela.text.set_cursor
                0x0000000000000000        0x0 /usr/lib/gcc/x86_64-linux-gnu/4.8/../../../x86_64-linux-gnu/crt1.o
 .rela.text.gotoxy
                0x0000000000000000        0x0 /usr/lib/gcc/x86_64-linux-gnu/4.8/../../../x86_64-linux-gnu/crt1.o
 .rela.text.screen_char
                0x0000000000000000        0x0 /usr/lib/gcc/x86_64-linux-gnu/4.8/../../../x86_64-linux-gnu/crt1.o
 .rela.text.screen_dump
                0x0000000000000000        0x0 /usr/lib/gcc/x86_64-linux-gnu/4.8/../../../x86_64-linux-gnu/crt1.o
 .rela.text.cleanup
                0x0000000000000000        0x0 /usr/lib/gcc/x86_64-linux-gnu/4.8/../../../x86_64-linux-gnu/crt1.o
 .rela.text.screen_read_close
                0x0000000000000000        0x0 /usr/lib/gcc/x86_64-linux-gnu/4.8/../../../x86_64-linux-gnu/crt1.o
 .rela.text.conspy_main
                0x0000000000000000        0x0 /usr/lib/gcc/x86_64-linux-gnu/4.8/../../../x86_64-linux-gnu/crt1.o
 .rela.text.crondlog
                0x0000000000000000        0x0 /usr/lib/gcc/x86_64-linux-gnu/4.8/../../../x86_64-linux-gnu/crt1.o
 .rela.text.reopen_logfile_to_stderr
                0x0000000000000000        0x0 /usr/lib/gcc/x86_64-linux-gnu/4.8/../../../x86_64-linux-gnu/crt1.o
 .rela.text.delete_cronfile
                0x0000000000000000        0x0 /usr/lib/gcc/x86_64-linux-gnu/4.8/../../../x86_64-linux-gnu/crt1.o
 .rela.text.ParseField
                0x0000000000000000        0x0 /usr/lib/gcc/x86_64-linux-gnu/4.8/../../../x86_64-linux-gnu/crt1.o
 .rela.text.fork_job
                0x0000000000000000        0x0 /usr/lib/gcc/x86_64-linux-gnu/4.8/../../../x86_64-linux-gnu/crt1.o
 .rela.text.load_crontab
                0x0000000000000000        0x0 /usr/lib/gcc/x86_64-linux-gnu/4.8/../../../x86_64-linux-gnu/crt1.o
 .rela.text.rescan_crontab_dir
                0x0000000000000000        0x0 /usr/lib/gcc/x86_64-linux-gnu/4.8/../../../x86_64-linux-gnu/crt1.o
 .rela.text.crond_main
                0x0000000000000000        0x0 /usr/lib/gcc/x86_64-linux-gnu/4.8/../../../x86_64-linux-gnu/crt1.o
 .rela.text.edit_file
                0x0000000000000000        0x0 /usr/lib/gcc/x86_64-linux-gnu/4.8/../../../x86_64-linux-gnu/crt1.o
 .rela.text.crontab_main
                0x0000000000000000        0x0 /usr/lib/gcc/x86_64-linux-gnu/4.8/../../../x86_64-linux-gnu/crt1.o
 .rela.text.pop
                0x0000000000000000        0x0 /usr/lib/gcc/x86_64-linux-gnu/4.8/../../../x86_64-linux-gnu/crt1.o
 .rela.text.push
                0x0000000000000000        0x0 /usr/lib/gcc/x86_64-linux-gnu/4.8/../../../x86_64-linux-gnu/crt1.o
 .rela.text.stack_machine
                0x0000000000000000        0x0 /usr/lib/gcc/x86_64-linux-gnu/4.8/../../../x86_64-linux-gnu/crt1.o
 .rela.text.set_output_base
                0x0000000000000000        0x0 /usr/lib/gcc/x86_64-linux-gnu/4.8/../../../x86_64-linux-gnu/crt1.o
 .rela.text.print_base
                0x0000000000000000        0x0 /usr/lib/gcc/x86_64-linux-gnu/4.8/../../../x86_64-linux-gnu/crt1.o
 .rela.text.print_stack_no_pop
                0x0000000000000000        0x0 /usr/lib/gcc/x86_64-linux-gnu/4.8/../../../x86_64-linux-gnu/crt1.o
 .rela.text.power
                0x0000000000000000        0x0 /usr/lib/gcc/x86_64-linux-gnu/4.8/../../../x86_64-linux-gnu/crt1.o
 .rela.text.print_no_pop
                0x0000000000000000        0x0 /usr/lib/gcc/x86_64-linux-gnu/4.8/../../../x86_64-linux-gnu/crt1.o
 .rela.text.dc_main
                0x0000000000000000        0x0 /usr/lib/gcc/x86_64-linux-gnu/4.8/../../../x86_64-linux-gnu/crt1.o
 .rela.text.devmem_main
                0x0000000000000000        0x0 /usr/lib/gcc/x86_64-linux-gnu/4.8/../../../x86_64-linux-gnu/crt1.o
 .rela.text.eject_main
                0x0000000000000000        0x0 /usr/lib/gcc/x86_64-linux-gnu/4.8/../../../x86_64-linux-gnu/crt1.o
 .rela.text.fb_pixel_value
                0x0000000000000000        0x0 /usr/lib/gcc/x86_64-linux-gnu/4.8/../../../x86_64-linux-gnu/crt1.o
 .rela.text.fb_write_pixel
                0x0000000000000000        0x0 /usr/lib/gcc/x86_64-linux-gnu/4.8/../../../x86_64-linux-gnu/crt1.o
 .rela.text.fb_drawfullrectangle
                0x0000000000000000        0x0 /usr/lib/gcc/x86_64-linux-gnu/4.8/../../../x86_64-linux-gnu/crt1.o
 .rela.text.fb_drawprogressbar
                0x0000000000000000        0x0 /usr/lib/gcc/x86_64-linux-gnu/4.8/../../../x86_64-linux-gnu/crt1.o
 .rela.text.fbsplash_main
                0x0000000000000000        0x0 /usr/lib/gcc/x86_64-linux-gnu/4.8/../../../x86_64-linux-gnu/crt1.o
 .rela.text.parse_opts
                0x0000000000000000        0x0 /usr/lib/gcc/x86_64-linux-gnu/4.8/../../../x86_64-linux-gnu/crt1.o
 .rela.text.translate_xfermode
                0x0000000000000000        0x0 /usr/lib/gcc/x86_64-linux-gnu/4.8/../../../x86_64-linux-gnu/crt1.o
 .rela.text.read_big_block
                0x0000000000000000        0x0 /usr/lib/gcc/x86_64-linux-gnu/4.8/../../../x86_64-linux-gnu/crt1.o
 .rela.text.on_off
                0x0000000000000000        0x0 /usr/lib/gcc/x86_64-linux-gnu/4.8/../../../x86_64-linux-gnu/crt1.o
 .rela.text.mode_loop
                0x0000000000000000        0x0 /usr/lib/gcc/x86_64-linux-gnu/4.8/../../../x86_64-linux-gnu/crt1.o
 .rela.text.print_flag
                0x0000000000000000        0x0 /usr/lib/gcc/x86_64-linux-gnu/4.8/../../../x86_64-linux-gnu/crt1.o
 .rela.text.xprint_ascii
                0x0000000000000000        0x0 /usr/lib/gcc/x86_64-linux-gnu/4.8/../../../x86_64-linux-gnu/crt1.o
 .rela.text.print_flag_on_off
                0x0000000000000000        0x0 /usr/lib/gcc/x86_64-linux-gnu/4.8/../../../x86_64-linux-gnu/crt1.o
 .rela.text.print_value_on_off
                0x0000000000000000        0x0 /usr/lib/gcc/x86_64-linux-gnu/4.8/../../../x86_64-linux-gnu/crt1.o
 .rela.text.identify
                0x0000000000000000        0x0 /usr/lib/gcc/x86_64-linux-gnu/4.8/../../../x86_64-linux-gnu/crt1.o
 .rela.text.identify_from_stdin
                0x0000000000000000        0x0 /usr/lib/gcc/x86_64-linux-gnu/4.8/../../../x86_64-linux-gnu/crt1.o
 .rela.text.dump_identity
                0x0000000000000000        0x0 /usr/lib/gcc/x86_64-linux-gnu/4.8/../../../x86_64-linux-gnu/crt1.o
 .rela.text.flush_buffer_cache
                0x0000000000000000        0x0 /usr/lib/gcc/x86_64-linux-gnu/4.8/../../../x86_64-linux-gnu/crt1.o
 .rela.text.do_time
                0x0000000000000000        0x0 /usr/lib/gcc/x86_64-linux-gnu/4.8/../../../x86_64-linux-gnu/crt1.o
 .rela.text.ioctl_alt_func.constprop.0
                0x0000000000000000        0x0 /usr/lib/gcc/x86_64-linux-gnu/4.8/../../../x86_64-linux-gnu/crt1.o
 .rela.text.bus_state_value
                0x0000000000000000        0x0 /usr/lib/gcc/x86_64-linux-gnu/4.8/../../../x86_64-linux-gnu/crt1.o
 .rela.text.process_dev
                0x0000000000000000        0x0 /usr/lib/gcc/x86_64-linux-gnu/4.8/../../../x86_64-linux-gnu/crt1.o
 .rela.text.hdparm_main
                0x0000000000000000        0x0 /usr/lib/gcc/x86_64-linux-gnu/4.8/../../../x86_64-linux-gnu/crt1.o
 .rela.text.i2c_bus_lookup
                0x0000000000000000        0x0 /usr/lib/gcc/x86_64-linux-gnu/4.8/../../../x86_64-linux-gnu/crt1.o
 .rela.text.i2c_dev_open
                0x0000000000000000        0x0 /usr/lib/gcc/x86_64-linux-gnu/4.8/../../../x86_64-linux-gnu/crt1.o
 .rela.text.confirm_or_abort
                0x0000000000000000        0x0 /usr/lib/gcc/x86_64-linux-gnu/4.8/../../../x86_64-linux-gnu/crt1.o
 .rela.text.i2c_smbus_access
                0x0000000000000000        0x0 /usr/lib/gcc/x86_64-linux-gnu/4.8/../../../x86_64-linux-gnu/crt1.o
 .rela.text.i2c_smbus_read_byte
                0x0000000000000000        0x0 /usr/lib/gcc/x86_64-linux-gnu/4.8/../../../x86_64-linux-gnu/crt1.o
 .rela.text.i2c_smbus_read_word_data
                0x0000000000000000        0x0 /usr/lib/gcc/x86_64-linux-gnu/4.8/../../../x86_64-linux-gnu/crt1.o
 .rela.text.i2c_smbus_read_byte_data
                0x0000000000000000        0x0 /usr/lib/gcc/x86_64-linux-gnu/4.8/../../../x86_64-linux-gnu/crt1.o
 .rela.text.list_i2c_busses_and_exit
                0x0000000000000000        0x0 /usr/lib/gcc/x86_64-linux-gnu/4.8/../../../x86_64-linux-gnu/crt1.o
 .rela.text.i2cget_main
                0x0000000000000000        0x0 /usr/lib/gcc/x86_64-linux-gnu/4.8/../../../x86_64-linux-gnu/crt1.o
 .rela.text.i2cset_main
                0x0000000000000000        0x0 /usr/lib/gcc/x86_64-linux-gnu/4.8/../../../x86_64-linux-gnu/crt1.o
 .rela.text.i2cdump_main
                0x0000000000000000        0x0 /usr/lib/gcc/x86_64-linux-gnu/4.8/../../../x86_64-linux-gnu/crt1.o
 .rela.text.i2cdetect_main
                0x0000000000000000        0x0 /usr/lib/gcc/x86_64-linux-gnu/4.8/../../../x86_64-linux-gnu/crt1.o
 .rela.text.ionice_main
                0x0000000000000000        0x0 /usr/lib/gcc/x86_64-linux-gnu/4.8/../../../x86_64-linux-gnu/crt1.o
 .rela.text.show_entry
                0x0000000000000000        0x0 /usr/lib/gcc/x86_64-linux-gnu/4.8/../../../x86_64-linux-gnu/crt1.o
 .rela.text.last_main
                0x0000000000000000        0x0 /usr/lib/gcc/x86_64-linux-gnu/4.8/../../../x86_64-linux-gnu/crt1.o
 .rela.text.at_end
                0x0000000000000000        0x0 /usr/lib/gcc/x86_64-linux-gnu/4.8/../../../x86_64-linux-gnu/crt1.o
 .rela.text.safe_lineno
                0x0000000000000000        0x0 /usr/lib/gcc/x86_64-linux-gnu/4.8/../../../x86_64-linux-gnu/crt1.o
 .rela.text.sigwinch_handler
                0x0000000000000000        0x0 /usr/lib/gcc/x86_64-linux-gnu/4.8/../../../x86_64-linux-gnu/crt1.o
 .rela.text.set_tty_cooked
                0x0000000000000000        0x0 /usr/lib/gcc/x86_64-linux-gnu/4.8/../../../x86_64-linux-gnu/crt1.o
 .rela.text.clear_line
                0x0000000000000000        0x0 /usr/lib/gcc/x86_64-linux-gnu/4.8/../../../x86_64-linux-gnu/crt1.o
 .rela.text.less_exit
                0x0000000000000000        0x0 /usr/lib/gcc/x86_64-linux-gnu/4.8/../../../x86_64-linux-gnu/crt1.o
 .rela.text.print_statusline
                0x0000000000000000        0x0 /usr/lib/gcc/x86_64-linux-gnu/4.8/../../../x86_64-linux-gnu/crt1.o
 .rela.text.fill_match_lines
                0x0000000000000000        0x0 /usr/lib/gcc/x86_64-linux-gnu/4.8/../../../x86_64-linux-gnu/crt1.o
 .rela.text.read_lines
                0x0000000000000000        0x0 /usr/lib/gcc/x86_64-linux-gnu/4.8/../../../x86_64-linux-gnu/crt1.o
 .rela.text.goto_lineno
                0x0000000000000000        0x0 /usr/lib/gcc/x86_64-linux-gnu/4.8/../../../x86_64-linux-gnu/crt1.o
 .rela.text.cap_cur_fline
                0x0000000000000000        0x0 /usr/lib/gcc/x86_64-linux-gnu/4.8/../../../x86_64-linux-gnu/crt1.o
 .rela.text.re_wrap
                0x0000000000000000        0x0 /usr/lib/gcc/x86_64-linux-gnu/4.8/../../../x86_64-linux-gnu/crt1.o
 .rela.text.update_num_lines
                0x0000000000000000        0x0 /usr/lib/gcc/x86_64-linux-gnu/4.8/../../../x86_64-linux-gnu/crt1.o
 .rela.text.m_status_print
                0x0000000000000000        0x0 /usr/lib/gcc/x86_64-linux-gnu/4.8/../../../x86_64-linux-gnu/crt1.o
 .rela.text.status_print
                0x0000000000000000        0x0 /usr/lib/gcc/x86_64-linux-gnu/4.8/../../../x86_64-linux-gnu/crt1.o
 .rela.text.buffer_print
                0x0000000000000000        0x0 /usr/lib/gcc/x86_64-linux-gnu/4.8/../../../x86_64-linux-gnu/crt1.o
 .rela.text.buffer_fill_and_print
                0x0000000000000000        0x0 /usr/lib/gcc/x86_64-linux-gnu/4.8/../../../x86_64-linux-gnu/crt1.o
 .rela.text.reinitialize
                0x0000000000000000        0x0 /usr/lib/gcc/x86_64-linux-gnu/4.8/../../../x86_64-linux-gnu/crt1.o
 .rela.text.change_file
                0x0000000000000000        0x0 /usr/lib/gcc/x86_64-linux-gnu/4.8/../../../x86_64-linux-gnu/crt1.o
 .rela.text.buffer_down
                0x0000000000000000        0x0 /usr/lib/gcc/x86_64-linux-gnu/4.8/../../../x86_64-linux-gnu/crt1.o
 .rela.text.buffer_up
                0x0000000000000000        0x0 /usr/lib/gcc/x86_64-linux-gnu/4.8/../../../x86_64-linux-gnu/crt1.o
 .rela.text.buffer_to_line
                0x0000000000000000        0x0 /usr/lib/gcc/x86_64-linux-gnu/4.8/../../../x86_64-linux-gnu/crt1.o
 .rela.text.goto_match
                0x0000000000000000        0x0 /usr/lib/gcc/x86_64-linux-gnu/4.8/../../../x86_64-linux-gnu/crt1.o
 .rela.text.getch_nowait
                0x0000000000000000        0x0 /usr/lib/gcc/x86_64-linux-gnu/4.8/../../../x86_64-linux-gnu/crt1.o
 .rela.text.less_getch
                0x0000000000000000        0x0 /usr/lib/gcc/x86_64-linux-gnu/4.8/../../../x86_64-linux-gnu/crt1.o
 .rela.text.less_gets
                0x0000000000000000        0x0 /usr/lib/gcc/x86_64-linux-gnu/4.8/../../../x86_64-linux-gnu/crt1.o
 .rela.text.examine_file
                0x0000000000000000        0x0 /usr/lib/gcc/x86_64-linux-gnu/4.8/../../../x86_64-linux-gnu/crt1.o
 .rela.text.regex_process
                0x0000000000000000        0x0 /usr/lib/gcc/x86_64-linux-gnu/4.8/../../../x86_64-linux-gnu/crt1.o
 .rela.text.less_main
                0x0000000000000000        0x0 /usr/lib/gcc/x86_64-linux-gnu/4.8/../../../x86_64-linux-gnu/crt1.o
 .rela.text.makedevs_main
                0x0000000000000000        0x0 /usr/lib/gcc/x86_64-linux-gnu/4.8/../../../x86_64-linux-gnu/crt1.o
 .rela.text.if_redefined
                0x0000000000000000        0x0 /usr/lib/gcc/x86_64-linux-gnu/4.8/../../../x86_64-linux-gnu/crt1.o
 .rela.text.add_MANPATH
                0x0000000000000000        0x0 /usr/lib/gcc/x86_64-linux-gnu/4.8/../../../x86_64-linux-gnu/crt1.o
 .rela.text.run_pipe
                0x0000000000000000        0x0 /usr/lib/gcc/x86_64-linux-gnu/4.8/../../../x86_64-linux-gnu/crt1.o
 .rela.text.show_manpage
                0x0000000000000000        0x0 /usr/lib/gcc/x86_64-linux-gnu/4.8/../../../x86_64-linux-gnu/crt1.o
 .rela.text.man_main
                0x0000000000000000        0x0 /usr/lib/gcc/x86_64-linux-gnu/4.8/../../../x86_64-linux-gnu/crt1.o
 .rela.text.microcom_main
                0x0000000000000000        0x0 /usr/lib/gcc/x86_64-linux-gnu/4.8/../../../x86_64-linux-gnu/crt1.o
 .rela.text.mountpoint_main
                0x0000000000000000        0x0 /usr/lib/gcc/x86_64-linux-gnu/4.8/../../../x86_64-linux-gnu/crt1.o
 .rela.text.mt_main
                0x0000000000000000        0x0 /usr/lib/gcc/x86_64-linux-gnu/4.8/../../../x86_64-linux-gnu/crt1.o
 .rela.text.next_good_eraseblock
                0x0000000000000000        0x0 /usr/lib/gcc/x86_64-linux-gnu/4.8/../../../x86_64-linux-gnu/crt1.o
 .rela.text.nandwrite_main
                0x0000000000000000        0x0 /usr/lib/gcc/x86_64-linux-gnu/4.8/../../../x86_64-linux-gnu/crt1.o
 .rela.text.raidautorun_main
                0x0000000000000000        0x0 /usr/lib/gcc/x86_64-linux-gnu/4.8/../../../x86_64-linux-gnu/crt1.o
 .rela.text.readahead_main
                0x0000000000000000        0x0 /usr/lib/gcc/x86_64-linux-gnu/4.8/../../../x86_64-linux-gnu/crt1.o
 .rela.text.runlevel_main
                0x0000000000000000        0x0 /usr/lib/gcc/x86_64-linux-gnu/4.8/../../../x86_64-linux-gnu/crt1.o
 .rela.text.read_byte
                0x0000000000000000        0x0 /usr/lib/gcc/x86_64-linux-gnu/4.8/../../../x86_64-linux-gnu/crt1.o
 .rela.text.rx_main
                0x0000000000000000        0x0 /usr/lib/gcc/x86_64-linux-gnu/4.8/../../../x86_64-linux-gnu/crt1.o
 .rela.text.index_in_strings_case_insensitive
                0x0000000000000000        0x0 /usr/lib/gcc/x86_64-linux-gnu/4.8/../../../x86_64-linux-gnu/crt1.o
 .rela.text.serial_ctl
                0x0000000000000000        0x0 /usr/lib/gcc/x86_64-linux-gnu/4.8/../../../x86_64-linux-gnu/crt1.o
 .rela.text.setserial_main
                0x0000000000000000        0x0 /usr/lib/gcc/x86_64-linux-gnu/4.8/../../../x86_64-linux-gnu/crt1.o
 .rela.text.setsid_main
                0x0000000000000000        0x0 /usr/lib/gcc/x86_64-linux-gnu/4.8/../../../x86_64-linux-gnu/crt1.o
 .rela.text.strings_main
                0x0000000000000000        0x0 /usr/lib/gcc/x86_64-linux-gnu/4.8/../../../x86_64-linux-gnu/crt1.o
 .rela.text.run_command
                0x0000000000000000        0x0 /usr/lib/gcc/x86_64-linux-gnu/4.8/../../../x86_64-linux-gnu/crt1.o
 .rela.text.time_main
                0x0000000000000000        0x0 /usr/lib/gcc/x86_64-linux-gnu/4.8/../../../x86_64-linux-gnu/crt1.o
 .rela.text.timeout_main
                0x0000000000000000        0x0 /usr/lib/gcc/x86_64-linux-gnu/4.8/../../../x86_64-linux-gnu/crt1.o
 .rela.text.ttysize_main
                0x0000000000000000        0x0 /usr/lib/gcc/x86_64-linux-gnu/4.8/../../../x86_64-linux-gnu/crt1.o
 .rela.text.get_num_from_file
                0x0000000000000000        0x0 /usr/lib/gcc/x86_64-linux-gnu/4.8/../../../x86_64-linux-gnu/crt1.o
 .rela.text.ubi_tools_main
                0x0000000000000000        0x0 /usr/lib/gcc/x86_64-linux-gnu/4.8/../../../x86_64-linux-gnu/crt1.o
 .rela.text.ubirename_main
                0x0000000000000000        0x0 /usr/lib/gcc/x86_64-linux-gnu/4.8/../../../x86_64-linux-gnu/crt1.o
 .rela.text.volname_main
                0x0000000000000000        0x0 /usr/lib/gcc/x86_64-linux-gnu/4.8/../../../x86_64-linux-gnu/crt1.o
 .rela.text.wall_main
                0x0000000000000000        0x0 /usr/lib/gcc/x86_64-linux-gnu/4.8/../../../x86_64-linux-gnu/crt1.o
 .rela.text.watchdog_shutdown
                0x0000000000000000        0x0 /usr/lib/gcc/x86_64-linux-gnu/4.8/../../../x86_64-linux-gnu/crt1.o
 .rela.text.watchdog_main
                0x0000000000000000        0x0 /usr/lib/gcc/x86_64-linux-gnu/4.8/../../../x86_64-linux-gnu/crt1.o
 .rela.text.display
                0x0000000000000000        0x0 /usr/lib/gcc/x86_64-linux-gnu/4.8/../../../x86_64-linux-gnu/crt1.o
 .rela.text.modinfo
                0x0000000000000000        0x0 /usr/lib/gcc/x86_64-linux-gnu/4.8/../../../x86_64-linux-gnu/crt1.o
 .rela.text.modinfo_main
                0x0000000000000000        0x0 /usr/lib/gcc/x86_64-linux-gnu/4.8/../../../x86_64-linux-gnu/crt1.o
 .rela.text.moderror
                0x0000000000000000        0x0 /usr/lib/gcc/x86_64-linux-gnu/4.8/../../../x86_64-linux-gnu/crt1.o
 .rela.text.load_dep_bb
                0x0000000000000000        0x0 /usr/lib/gcc/x86_64-linux-gnu/4.8/../../../x86_64-linux-gnu/crt1.o
 .rela.text.find_keyword
                0x0000000000000000        0x0 /usr/lib/gcc/x86_64-linux-gnu/4.8/../../../x86_64-linux-gnu/crt1.o
 .rela.text.copy_stringbuf
                0x0000000000000000        0x0 /usr/lib/gcc/x86_64-linux-gnu/4.8/../../../x86_64-linux-gnu/crt1.o
 .rela.text.append
                0x0000000000000000        0x0 /usr/lib/gcc/x86_64-linux-gnu/4.8/../../../x86_64-linux-gnu/crt1.o
 .rela.text.rmmod
                0x0000000000000000        0x0 /usr/lib/gcc/x86_64-linux-gnu/4.8/../../../x86_64-linux-gnu/crt1.o
 .rela.text.str_2_list
                0x0000000000000000        0x0 /usr/lib/gcc/x86_64-linux-gnu/4.8/../../../x86_64-linux-gnu/crt1.o
 .rela.text.load_module
                0x0000000000000000        0x0 /usr/lib/gcc/x86_64-linux-gnu/4.8/../../../x86_64-linux-gnu/crt1.o
 .rela.text.parse_module
                0x0000000000000000        0x0 /usr/lib/gcc/x86_64-linux-gnu/4.8/../../../x86_64-linux-gnu/crt1.o
 .rela.text.find_alias
                0x0000000000000000        0x0 /usr/lib/gcc/x86_64-linux-gnu/4.8/../../../x86_64-linux-gnu/crt1.o
 .rela.text.process_module
                0x0000000000000000        0x0 /usr/lib/gcc/x86_64-linux-gnu/4.8/../../../x86_64-linux-gnu/crt1.o
 .rela.text.fileAction
                0x0000000000000000        0x0 /usr/lib/gcc/x86_64-linux-gnu/4.8/../../../x86_64-linux-gnu/crt1.o
 .rela.text.modprobe_main
                0x0000000000000000        0x0 /usr/lib/gcc/x86_64-linux-gnu/4.8/../../../x86_64-linux-gnu/crt1.o
 .rela.text.moddb_free
                0x0000000000000000        0x0 /usr/lib/gcc/x86_64-linux-gnu/4.8/../../../x86_64-linux-gnu/crt1.o
 .rela.text.string_to_llist
                0x0000000000000000        0x0 /usr/lib/gcc/x86_64-linux-gnu/4.8/../../../x86_64-linux-gnu/crt1.o
 .rela.text.filename2modname
                0x0000000000000000        0x0 /usr/lib/gcc/x86_64-linux-gnu/4.8/../../../x86_64-linux-gnu/crt1.o
 .rela.text.helper_get_module
                0x0000000000000000        0x0 /usr/lib/gcc/x86_64-linux-gnu/4.8/../../../x86_64-linux-gnu/crt1.o
 .rela.text.parse_cmdline_module_options
                0x0000000000000000        0x0 /usr/lib/gcc/x86_64-linux-gnu/4.8/../../../x86_64-linux-gnu/crt1.o
 .rela.text.bb_init_module
                0x0000000000000000        0x0 /usr/lib/gcc/x86_64-linux-gnu/4.8/../../../x86_64-linux-gnu/crt1.o
 .rela.text.bb_delete_module
                0x0000000000000000        0x0 /usr/lib/gcc/x86_64-linux-gnu/4.8/../../../x86_64-linux-gnu/crt1.o
 .rela.text.arp_show
                0x0000000000000000        0x0 /usr/lib/gcc/x86_64-linux-gnu/4.8/../../../x86_64-linux-gnu/crt1.o
 .rela.text.arp_main
                0x0000000000000000        0x0 /usr/lib/gcc/x86_64-linux-gnu/4.8/../../../x86_64-linux-gnu/crt1.o
 .rela.text.finish
                0x0000000000000000        0x0 /usr/lib/gcc/x86_64-linux-gnu/4.8/../../../x86_64-linux-gnu/crt1.o
 .rela.text.catcher
                0x0000000000000000        0x0 /usr/lib/gcc/x86_64-linux-gnu/4.8/../../../x86_64-linux-gnu/crt1.o
 .rela.text.arping_main
                0x0000000000000000        0x0 /usr/lib/gcc/x86_64-linux-gnu/4.8/../../../x86_64-linux-gnu/crt1.o
 .rela.text.brctl_main
                0x0000000000000000        0x0 /usr/lib/gcc/x86_64-linux-gnu/4.8/../../../x86_64-linux-gnu/crt1.o
 .rela.text.dnsd_main
                0x0000000000000000        0x0 /usr/lib/gcc/x86_64-linux-gnu/4.8/../../../x86_64-linux-gnu/crt1.o
 .rela.text.ether_wake_main
                0x0000000000000000        0x0 /usr/lib/gcc/x86_64-linux-gnu/4.8/../../../x86_64-linux-gnu/crt1.o
 .rela.text.verbose_log
                0x0000000000000000        0x0 /usr/lib/gcc/x86_64-linux-gnu/4.8/../../../x86_64-linux-gnu/crt1.o
 .rela.text.cmdio_get_cmd_and_arg
                0x0000000000000000        0x0 /usr/lib/gcc/x86_64-linux-gnu/4.8/../../../x86_64-linux-gnu/crt1.o
 .rela.text.cmdio_write_ok
                0x0000000000000000        0x0 /usr/lib/gcc/x86_64-linux-gnu/4.8/../../../x86_64-linux-gnu/crt1.o
 .rela.text.cmdio_write_error
                0x0000000000000000        0x0 /usr/lib/gcc/x86_64-linux-gnu/4.8/../../../x86_64-linux-gnu/crt1.o
 .rela.text.escape_text
                0x0000000000000000        0x0 /usr/lib/gcc/x86_64-linux-gnu/4.8/../../../x86_64-linux-gnu/crt1.o
 .rela.text.cmdio_write
                0x0000000000000000        0x0 /usr/lib/gcc/x86_64-linux-gnu/4.8/../../../x86_64-linux-gnu/crt1.o
 .rela.text.handle_cwd
                0x0000000000000000        0x0 /usr/lib/gcc/x86_64-linux-gnu/4.8/../../../x86_64-linux-gnu/crt1.o
 .rela.text.port_pasv_cleanup
                0x0000000000000000        0x0 /usr/lib/gcc/x86_64-linux-gnu/4.8/../../../x86_64-linux-gnu/crt1.o
 .rela.text.get_remote_transfer_fd
                0x0000000000000000        0x0 /usr/lib/gcc/x86_64-linux-gnu/4.8/../../../x86_64-linux-gnu/crt1.o
 .rela.text.bind_for_passive_mode
                0x0000000000000000        0x0 /usr/lib/gcc/x86_64-linux-gnu/4.8/../../../x86_64-linux-gnu/crt1.o
 .rela.text.cmdio_write_raw
                0x0000000000000000        0x0 /usr/lib/gcc/x86_64-linux-gnu/4.8/../../../x86_64-linux-gnu/crt1.o
 .rela.text.timeout_handler
                0x0000000000000000        0x0 /usr/lib/gcc/x86_64-linux-gnu/4.8/../../../x86_64-linux-gnu/crt1.o
 .rela.text.port_or_pasv_was_seen
                0x0000000000000000        0x0 /usr/lib/gcc/x86_64-linux-gnu/4.8/../../../x86_64-linux-gnu/crt1.o
 .rela.text.handle_upload_common
                0x0000000000000000        0x0 /usr/lib/gcc/x86_64-linux-gnu/4.8/../../../x86_64-linux-gnu/crt1.o
 .rela.text.handle_dir_common
                0x0000000000000000        0x0 /usr/lib/gcc/x86_64-linux-gnu/4.8/../../../x86_64-linux-gnu/crt1.o
 .rela.text.handle_size_or_mdtm
                0x0000000000000000        0x0 /usr/lib/gcc/x86_64-linux-gnu/4.8/../../../x86_64-linux-gnu/crt1.o
 .rela.text.ftpd_main
                0x0000000000000000        0x0 /usr/lib/gcc/x86_64-linux-gnu/4.8/../../../x86_64-linux-gnu/crt1.o
 .rela.text.ftp_die
                0x0000000000000000        0x0 /usr/lib/gcc/x86_64-linux-gnu/4.8/../../../x86_64-linux-gnu/crt1.o
 .rela.text.ftpcmd
                0x0000000000000000        0x0 /usr/lib/gcc/x86_64-linux-gnu/4.8/../../../x86_64-linux-gnu/crt1.o
 .rela.text.xconnect_ftpdata
                0x0000000000000000        0x0 /usr/lib/gcc/x86_64-linux-gnu/4.8/../../../x86_64-linux-gnu/crt1.o
 .rela.text.pump_data_and_QUIT
                0x0000000000000000        0x0 /usr/lib/gcc/x86_64-linux-gnu/4.8/../../../x86_64-linux-gnu/crt1.o
 .rela.text.ftp_receive
                0x0000000000000000        0x0 /usr/lib/gcc/x86_64-linux-gnu/4.8/../../../x86_64-linux-gnu/crt1.o
 .rela.text.ftpgetput_main
                0x0000000000000000        0x0 /usr/lib/gcc/x86_64-linux-gnu/4.8/../../../x86_64-linux-gnu/crt1.o
 .rela.text.do_sethostname
                0x0000000000000000        0x0 /usr/lib/gcc/x86_64-linux-gnu/4.8/../../../x86_64-linux-gnu/crt1.o
 .rela.text.hostname_main
                0x0000000000000000        0x0 /usr/lib/gcc/x86_64-linux-gnu/4.8/../../../x86_64-linux-gnu/crt1.o
 .rela.text.checkPermIP
                0x0000000000000000        0x0 /usr/lib/gcc/x86_64-linux-gnu/4.8/../../../x86_64-linux-gnu/crt1.o
 .rela.text.free_llist
                0x0000000000000000        0x0 /usr/lib/gcc/x86_64-linux-gnu/4.8/../../../x86_64-linux-gnu/crt1.o
 .rela.text.parse_conf
                0x0000000000000000        0x0 /usr/lib/gcc/x86_64-linux-gnu/4.8/../../../x86_64-linux-gnu/crt1.o
 .rela.text.get_line
                0x0000000000000000        0x0 /usr/lib/gcc/x86_64-linux-gnu/4.8/../../../x86_64-linux-gnu/crt1.o
 .rela.text.check_user_passwd
                0x0000000000000000        0x0 /usr/lib/gcc/x86_64-linux-gnu/4.8/../../../x86_64-linux-gnu/crt1.o
 .rela.text.log_and_exit
                0x0000000000000000        0x0 /usr/lib/gcc/x86_64-linux-gnu/4.8/../../../x86_64-linux-gnu/crt1.o
 .rela.text.cgi_io_loop_and_exit
                0x0000000000000000        0x0 /usr/lib/gcc/x86_64-linux-gnu/4.8/../../../x86_64-linux-gnu/crt1.o
 .rela.text.setenv1
                0x0000000000000000        0x0 /usr/lib/gcc/x86_64-linux-gnu/4.8/../../../x86_64-linux-gnu/crt1.o
 .rela.text.send_file_and_exit
                0x0000000000000000        0x0 /usr/lib/gcc/x86_64-linux-gnu/4.8/../../../x86_64-linux-gnu/crt1.o
 .rela.text.send_headers
                0x0000000000000000        0x0 /usr/lib/gcc/x86_64-linux-gnu/4.8/../../../x86_64-linux-gnu/crt1.o
 .rela.text.send_headers_and_exit
                0x0000000000000000        0x0 /usr/lib/gcc/x86_64-linux-gnu/4.8/../../../x86_64-linux-gnu/crt1.o
 .rela.text.send_cgi_and_exit
                0x0000000000000000        0x0 /usr/lib/gcc/x86_64-linux-gnu/4.8/../../../x86_64-linux-gnu/crt1.o
 .rela.text.handle_incoming_and_exit
                0x0000000000000000        0x0 /usr/lib/gcc/x86_64-linux-gnu/4.8/../../../x86_64-linux-gnu/crt1.o
 .rela.text.httpd_main
                0x0000000000000000        0x0 /usr/lib/gcc/x86_64-linux-gnu/4.8/../../../x86_64-linux-gnu/crt1.o
 .rela.text.ifconfig_main
                0x0000000000000000        0x0 /usr/lib/gcc/x86_64-linux-gnu/4.8/../../../x86_64-linux-gnu/crt1.o
 .rela.text.set_ifrname_and_do_ioctl
                0x0000000000000000        0x0 /usr/lib/gcc/x86_64-linux-gnu/4.8/../../../x86_64-linux-gnu/crt1.o
 .rela.text.set_if_down
                0x0000000000000000        0x0 /usr/lib/gcc/x86_64-linux-gnu/4.8/../../../x86_64-linux-gnu/crt1.o
 .rela.text.get_drv_info
                0x0000000000000000        0x0 /usr/lib/gcc/x86_64-linux-gnu/4.8/../../../x86_64-linux-gnu/crt1.o
 .rela.text.set_hwaddr
                0x0000000000000000        0x0 /usr/lib/gcc/x86_64-linux-gnu/4.8/../../../x86_64-linux-gnu/crt1.o
 .rela.text.enslave
                0x0000000000000000        0x0 /usr/lib/gcc/x86_64-linux-gnu/4.8/../../../x86_64-linux-gnu/crt1.o
 .rela.text.ifenslave_main
                0x0000000000000000        0x0 /usr/lib/gcc/x86_64-linux-gnu/4.8/../../../x86_64-linux-gnu/crt1.o
 .rela.text.read_pid
                0x0000000000000000        0x0 /usr/lib/gcc/x86_64-linux-gnu/4.8/../../../x86_64-linux-gnu/crt1.o
 .rela.text.set_ifreq_to_ifname
                0x0000000000000000        0x0 /usr/lib/gcc/x86_64-linux-gnu/4.8/../../../x86_64-linux-gnu/crt1.o
 .rela.text.network_ioctl
                0x0000000000000000        0x0 /usr/lib/gcc/x86_64-linux-gnu/4.8/../../../x86_64-linux-gnu/crt1.o
 .rela.text.detect_link_iff
                0x0000000000000000        0x0 /usr/lib/gcc/x86_64-linux-gnu/4.8/../../../x86_64-linux-gnu/crt1.o
 .rela.text.detect_link_priv
                0x0000000000000000        0x0 /usr/lib/gcc/x86_64-linux-gnu/4.8/../../../x86_64-linux-gnu/crt1.o
 .rela.text.detect_link_mii
                0x0000000000000000        0x0 /usr/lib/gcc/x86_64-linux-gnu/4.8/../../../x86_64-linux-gnu/crt1.o
 .rela.text.detect_link_ethtool
                0x0000000000000000        0x0 /usr/lib/gcc/x86_64-linux-gnu/4.8/../../../x86_64-linux-gnu/crt1.o
 .rela.text.check_existence_through_netlink
                0x0000000000000000        0x0 /usr/lib/gcc/x86_64-linux-gnu/4.8/../../../x86_64-linux-gnu/crt1.o
 .rela.text.up_iface
                0x0000000000000000        0x0 /usr/lib/gcc/x86_64-linux-gnu/4.8/../../../x86_64-linux-gnu/crt1.o
 .rela.text.maybe_up_new_iface
                0x0000000000000000        0x0 /usr/lib/gcc/x86_64-linux-gnu/4.8/../../../x86_64-linux-gnu/crt1.o
 .rela.text.detect_link
                0x0000000000000000        0x0 /usr/lib/gcc/x86_64-linux-gnu/4.8/../../../x86_64-linux-gnu/crt1.o
 .rela.text.detect_link_wlan
                0x0000000000000000        0x0 /usr/lib/gcc/x86_64-linux-gnu/4.8/../../../x86_64-linux-gnu/crt1.o
 .rela.text.run_script
                0x0000000000000000        0x0 /usr/lib/gcc/x86_64-linux-gnu/4.8/../../../x86_64-linux-gnu/crt1.o
 .rela.text.ifplugd_main
                0x0000000000000000        0x0 /usr/lib/gcc/x86_64-linux-gnu/4.8/../../../x86_64-linux-gnu/crt1.o
 .rela.text.doit
                0x0000000000000000        0x0 /usr/lib/gcc/x86_64-linux-gnu/4.8/../../../x86_64-linux-gnu/crt1.o
 .rela.text.execute_all
                0x0000000000000000        0x0 /usr/lib/gcc/x86_64-linux-gnu/4.8/../../../x86_64-linux-gnu/crt1.o
 .rela.text.setlocalenv
                0x0000000000000000        0x0 /usr/lib/gcc/x86_64-linux-gnu/4.8/../../../x86_64-linux-gnu/crt1.o
 .rela.text.set_environ
                0x0000000000000000        0x0 /usr/lib/gcc/x86_64-linux-gnu/4.8/../../../x86_64-linux-gnu/crt1.o
 .rela.text.next_word
                0x0000000000000000        0x0 /usr/lib/gcc/x86_64-linux-gnu/4.8/../../../x86_64-linux-gnu/crt1.o
 .rela.text.strncmpz
                0x0000000000000000        0x0 /usr/lib/gcc/x86_64-linux-gnu/4.8/../../../x86_64-linux-gnu/crt1.o
 .rela.text.addstr
                0x0000000000000000        0x0 /usr/lib/gcc/x86_64-linux-gnu/4.8/../../../x86_64-linux-gnu/crt1.o
 .rela.text.execute
                0x0000000000000000        0x0 /usr/lib/gcc/x86_64-linux-gnu/4.8/../../../x86_64-linux-gnu/crt1.o
 .rela.text.dhcp_down
                0x0000000000000000        0x0 /usr/lib/gcc/x86_64-linux-gnu/4.8/../../../x86_64-linux-gnu/crt1.o
 .rela.text.popen2
                0x0000000000000000        0x0 /usr/lib/gcc/x86_64-linux-gnu/4.8/../../../x86_64-linux-gnu/crt1.o
 .rela.text.read_iface_state
                0x0000000000000000        0x0 /usr/lib/gcc/x86_64-linux-gnu/4.8/../../../x86_64-linux-gnu/crt1.o
 .rela.text.read_interfaces
                0x0000000000000000        0x0 /usr/lib/gcc/x86_64-linux-gnu/4.8/../../../x86_64-linux-gnu/crt1.o
 .rela.text.ifupdown_main
                0x0000000000000000        0x0 /usr/lib/gcc/x86_64-linux-gnu/4.8/../../../x86_64-linux-gnu/crt1.o
 .rela.text.init_ring
                0x0000000000000000        0x0 /usr/lib/gcc/x86_64-linux-gnu/4.8/../../../x86_64-linux-gnu/crt1.o
 .rela.text.remove_fd_from_set
                0x0000000000000000        0x0 /usr/lib/gcc/x86_64-linux-gnu/4.8/../../../x86_64-linux-gnu/crt1.o
 .rela.text.maybe_close
                0x0000000000000000        0x0 /usr/lib/gcc/x86_64-linux-gnu/4.8/../../../x86_64-linux-gnu/crt1.o
 .rela.text.free_servtab_strings
                0x0000000000000000        0x0 /usr/lib/gcc/x86_64-linux-gnu/4.8/../../../x86_64-linux-gnu/crt1.o
 .rela.text.bump_nofile
                0x0000000000000000        0x0 /usr/lib/gcc/x86_64-linux-gnu/4.8/../../../x86_64-linux-gnu/crt1.o
 .rela.text.add_fd_to_set
                0x0000000000000000        0x0 /usr/lib/gcc/x86_64-linux-gnu/4.8/../../../x86_64-linux-gnu/crt1.o
 .rela.text.clean_up_and_exit
                0x0000000000000000        0x0 /usr/lib/gcc/x86_64-linux-gnu/4.8/../../../x86_64-linux-gnu/crt1.o
 .rela.text.reap_child
                0x0000000000000000        0x0 /usr/lib/gcc/x86_64-linux-gnu/4.8/../../../x86_64-linux-gnu/crt1.o
 .rela.text.daytime_stream
                0x0000000000000000        0x0 /usr/lib/gcc/x86_64-linux-gnu/4.8/../../../x86_64-linux-gnu/crt1.o
 .rela.text.discard_stream
                0x0000000000000000        0x0 /usr/lib/gcc/x86_64-linux-gnu/4.8/../../../x86_64-linux-gnu/crt1.o
 .rela.text.echo_stream
                0x0000000000000000        0x0 /usr/lib/gcc/x86_64-linux-gnu/4.8/../../../x86_64-linux-gnu/crt1.o
 .rela.text.block_CHLD_HUP_ALRM
                0x0000000000000000        0x0 /usr/lib/gcc/x86_64-linux-gnu/4.8/../../../x86_64-linux-gnu/crt1.o
 .rela.text.restore_sigmask
                0x0000000000000000        0x0 /usr/lib/gcc/x86_64-linux-gnu/4.8/../../../x86_64-linux-gnu/crt1.o
 .rela.text.rearm_alarm
                0x0000000000000000        0x0 /usr/lib/gcc/x86_64-linux-gnu/4.8/../../../x86_64-linux-gnu/crt1.o
 .rela.text.prepare_socket_fd
                0x0000000000000000        0x0 /usr/lib/gcc/x86_64-linux-gnu/4.8/../../../x86_64-linux-gnu/crt1.o
 .rela.text.retry_network_setup
                0x0000000000000000        0x0 /usr/lib/gcc/x86_64-linux-gnu/4.8/../../../x86_64-linux-gnu/crt1.o
 .rela.text.daytime_dg
                0x0000000000000000        0x0 /usr/lib/gcc/x86_64-linux-gnu/4.8/../../../x86_64-linux-gnu/crt1.o
 .rela.text.machtime_dg
                0x0000000000000000        0x0 /usr/lib/gcc/x86_64-linux-gnu/4.8/../../../x86_64-linux-gnu/crt1.o
 .rela.text.echo_dg
                0x0000000000000000        0x0 /usr/lib/gcc/x86_64-linux-gnu/4.8/../../../x86_64-linux-gnu/crt1.o
 .rela.text.discard_dg
                0x0000000000000000        0x0 /usr/lib/gcc/x86_64-linux-gnu/4.8/../../../x86_64-linux-gnu/crt1.o
 .rela.text.chargen_dg
                0x0000000000000000        0x0 /usr/lib/gcc/x86_64-linux-gnu/4.8/../../../x86_64-linux-gnu/crt1.o
 .rela.text.chargen_stream
                0x0000000000000000        0x0 /usr/lib/gcc/x86_64-linux-gnu/4.8/../../../x86_64-linux-gnu/crt1.o
 .rela.text.machtime_stream
                0x0000000000000000        0x0 /usr/lib/gcc/x86_64-linux-gnu/4.8/../../../x86_64-linux-gnu/crt1.o
 .rela.text.parse_one_line
                0x0000000000000000        0x0 /usr/lib/gcc/x86_64-linux-gnu/4.8/../../../x86_64-linux-gnu/crt1.o
 .rela.text.reread_config_file
                0x0000000000000000        0x0 /usr/lib/gcc/x86_64-linux-gnu/4.8/../../../x86_64-linux-gnu/crt1.o
 .rela.text.inetd_main
                0x0000000000000000        0x0 /usr/lib/gcc/x86_64-linux-gnu/4.8/../../../x86_64-linux-gnu/crt1.o
 .rela.text.UNSPEC_print
                0x0000000000000000        0x0 /usr/lib/gcc/x86_64-linux-gnu/4.8/../../../x86_64-linux-gnu/crt1.o
 .rela.text.INET6_input
                0x0000000000000000        0x0 /usr/lib/gcc/x86_64-linux-gnu/4.8/../../../x86_64-linux-gnu/crt1.o
 .rela.text.INET6_sprint
                0x0000000000000000        0x0 /usr/lib/gcc/x86_64-linux-gnu/4.8/../../../x86_64-linux-gnu/crt1.o
 .rela.text.INET_input
                0x0000000000000000        0x0 /usr/lib/gcc/x86_64-linux-gnu/4.8/../../../x86_64-linux-gnu/crt1.o
 .rela.text.INET_sprint
                0x0000000000000000        0x0 /usr/lib/gcc/x86_64-linux-gnu/4.8/../../../x86_64-linux-gnu/crt1.o
 .rela.text.ether_print
                0x0000000000000000        0x0 /usr/lib/gcc/x86_64-linux-gnu/4.8/../../../x86_64-linux-gnu/crt1.o
 .rela.text.add_interface
                0x0000000000000000        0x0 /usr/lib/gcc/x86_64-linux-gnu/4.8/../../../x86_64-linux-gnu/crt1.o
 .rela.text.if_readconf
                0x0000000000000000        0x0 /usr/lib/gcc/x86_64-linux-gnu/4.8/../../../x86_64-linux-gnu/crt1.o
 .rela.text.if_readlist_proc
                0x0000000000000000        0x0 /usr/lib/gcc/x86_64-linux-gnu/4.8/../../../x86_64-linux-gnu/crt1.o
 .rela.text.do_if_fetch
                0x0000000000000000        0x0 /usr/lib/gcc/x86_64-linux-gnu/4.8/../../../x86_64-linux-gnu/crt1.o
 .rela.text.print_bytes_scaled
                0x0000000000000000        0x0 /usr/lib/gcc/x86_64-linux-gnu/4.8/../../../x86_64-linux-gnu/crt1.o
 .rela.text.get_aftype
                0x0000000000000000        0x0 /usr/lib/gcc/x86_64-linux-gnu/4.8/../../../x86_64-linux-gnu/crt1.o
 .rela.text.get_hwtype
                0x0000000000000000        0x0 /usr/lib/gcc/x86_64-linux-gnu/4.8/../../../x86_64-linux-gnu/crt1.o
 .rela.text.ife_print
                0x0000000000000000        0x0 /usr/lib/gcc/x86_64-linux-gnu/4.8/../../../x86_64-linux-gnu/crt1.o
 .rela.text.display_interfaces
                0x0000000000000000        0x0 /usr/lib/gcc/x86_64-linux-gnu/4.8/../../../x86_64-linux-gnu/crt1.o
 .rela.text.ip_do
                0x0000000000000000        0x0 /usr/lib/gcc/x86_64-linux-gnu/4.8/../../../x86_64-linux-gnu/crt1.o
 .rela.text.ipaddr_main
                0x0000000000000000        0x0 /usr/lib/gcc/x86_64-linux-gnu/4.8/../../../x86_64-linux-gnu/crt1.o
 .rela.text.iplink_main
                0x0000000000000000        0x0 /usr/lib/gcc/x86_64-linux-gnu/4.8/../../../x86_64-linux-gnu/crt1.o
 .rela.text.iproute_main
                0x0000000000000000        0x0 /usr/lib/gcc/x86_64-linux-gnu/4.8/../../../x86_64-linux-gnu/crt1.o
 .rela.text.iprule_main
                0x0000000000000000        0x0 /usr/lib/gcc/x86_64-linux-gnu/4.8/../../../x86_64-linux-gnu/crt1.o
 .rela.text.iptunnel_main
                0x0000000000000000        0x0 /usr/lib/gcc/x86_64-linux-gnu/4.8/../../../x86_64-linux-gnu/crt1.o
 .rela.text.ipneigh_main
                0x0000000000000000        0x0 /usr/lib/gcc/x86_64-linux-gnu/4.8/../../../x86_64-linux-gnu/crt1.o
 .rela.text.ip_main
                0x0000000000000000        0x0 /usr/lib/gcc/x86_64-linux-gnu/4.8/../../../x86_64-linux-gnu/crt1.o
 .rela.text.ipcalc_main
                0x0000000000000000        0x0 /usr/lib/gcc/x86_64-linux-gnu/4.8/../../../x86_64-linux-gnu/crt1.o
 .rela.text.do_rd
                0x0000000000000000        0x0 /usr/lib/gcc/x86_64-linux-gnu/4.8/../../../x86_64-linux-gnu/crt1.o
 .rela.text.new_peer
                0x0000000000000000        0x0 /usr/lib/gcc/x86_64-linux-gnu/4.8/../../../x86_64-linux-gnu/crt1.o
 .rela.text.fakeidentd_main
                0x0000000000000000        0x0 /usr/lib/gcc/x86_64-linux-gnu/4.8/../../../x86_64-linux-gnu/crt1.o
 .rela.text.prepend_new_eth_table
                0x0000000000000000        0x0 /usr/lib/gcc/x86_64-linux-gnu/4.8/../../../x86_64-linux-gnu/crt1.o
 .rela.text.nameif_main
                0x0000000000000000        0x0 /usr/lib/gcc/x86_64-linux-gnu/4.8/../../../x86_64-linux-gnu/crt1.o
 .rela.text.nbdclient_main
                0x0000000000000000        0x0 /usr/lib/gcc/x86_64-linux-gnu/4.8/../../../x86_64-linux-gnu/crt1.o
 .rela.text.nc_main
                0x0000000000000000        0x0 /usr/lib/gcc/x86_64-linux-gnu/4.8/../../../x86_64-linux-gnu/crt1.o
 .rela.text.build_ipv6_addr
                0x0000000000000000        0x0 /usr/lib/gcc/x86_64-linux-gnu/4.8/../../../x86_64-linux-gnu/crt1.o
 .rela.text.ip_port_str
                0x0000000000000000        0x0 /usr/lib/gcc/x86_64-linux-gnu/4.8/../../../x86_64-linux-gnu/crt1.o
 .rela.text.add_to_prg_cache_if_socket
                0x0000000000000000        0x0 /usr/lib/gcc/x86_64-linux-gnu/4.8/../../../x86_64-linux-gnu/crt1.o
 .rela.text.dir_act
                0x0000000000000000        0x0 /usr/lib/gcc/x86_64-linux-gnu/4.8/../../../x86_64-linux-gnu/crt1.o
 .rela.text.do_info
                0x0000000000000000        0x0 /usr/lib/gcc/x86_64-linux-gnu/4.8/../../../x86_64-linux-gnu/crt1.o
 .rela.text.unix_do_one
                0x0000000000000000        0x0 /usr/lib/gcc/x86_64-linux-gnu/4.8/../../../x86_64-linux-gnu/crt1.o
 .rela.text.scan_inet_proc_line
                0x0000000000000000        0x0 /usr/lib/gcc/x86_64-linux-gnu/4.8/../../../x86_64-linux-gnu/crt1.o
 .rela.text.print_inet_line
                0x0000000000000000        0x0 /usr/lib/gcc/x86_64-linux-gnu/4.8/../../../x86_64-linux-gnu/crt1.o
 .rela.text.raw_do_one
                0x0000000000000000        0x0 /usr/lib/gcc/x86_64-linux-gnu/4.8/../../../x86_64-linux-gnu/crt1.o
 .rela.text.udp_do_one
                0x0000000000000000        0x0 /usr/lib/gcc/x86_64-linux-gnu/4.8/../../../x86_64-linux-gnu/crt1.o
 .rela.text.tcp_do_one
                0x0000000000000000        0x0 /usr/lib/gcc/x86_64-linux-gnu/4.8/../../../x86_64-linux-gnu/crt1.o
 .rela.text.netstat_main
                0x0000000000000000        0x0 /usr/lib/gcc/x86_64-linux-gnu/4.8/../../../x86_64-linux-gnu/crt1.o
 .rela.text.set_default_dns
                0x0000000000000000        0x0 /usr/lib/gcc/x86_64-linux-gnu/4.8/../../../x86_64-linux-gnu/crt1.o
 .rela.text.print_host
                0x0000000000000000        0x0 /usr/lib/gcc/x86_64-linux-gnu/4.8/../../../x86_64-linux-gnu/crt1.o
 .rela.text.nslookup_main
                0x0000000000000000        0x0 /usr/lib/gcc/x86_64-linux-gnu/4.8/../../../x86_64-linux-gnu/crt1.o
 .rela.text.filter_datapoints
                0x0000000000000000        0x0 /usr/lib/gcc/x86_64-linux-gnu/4.8/../../../x86_64-linux-gnu/crt1.o
 .rela.text.reset_peer_stats
                0x0000000000000000        0x0 /usr/lib/gcc/x86_64-linux-gnu/4.8/../../../x86_64-linux-gnu/crt1.o
 .rela.text.clamp_pollexp_and_set_MAXSTRAT
                0x0000000000000000        0x0 /usr/lib/gcc/x86_64-linux-gnu/4.8/../../../x86_64-linux-gnu/crt1.o
 .rela.text.adjust_poll
                0x0000000000000000        0x0 /usr/lib/gcc/x86_64-linux-gnu/4.8/../../../x86_64-linux-gnu/crt1.o
 .rela.text.poll_interval
                0x0000000000000000        0x0 /usr/lib/gcc/x86_64-linux-gnu/4.8/../../../x86_64-linux-gnu/crt1.o
 .rela.text.resolve_peer_hostname
                0x0000000000000000        0x0 /usr/lib/gcc/x86_64-linux-gnu/4.8/../../../x86_64-linux-gnu/crt1.o
 .rela.text.add_peers
                0x0000000000000000        0x0 /usr/lib/gcc/x86_64-linux-gnu/4.8/../../../x86_64-linux-gnu/crt1.o
 .rela.text.gettime1900d
                0x0000000000000000        0x0 /usr/lib/gcc/x86_64-linux-gnu/4.8/../../../x86_64-linux-gnu/crt1.o
 .rela.text.ntp_init
                0x0000000000000000        0x0 /usr/lib/gcc/x86_64-linux-gnu/4.8/../../../x86_64-linux-gnu/crt1.o
 .rela.text.step_time
                0x0000000000000000        0x0 /usr/lib/gcc/x86_64-linux-gnu/4.8/../../../x86_64-linux-gnu/crt1.o
 .rela.text.update_local_clock
                0x0000000000000000        0x0 /usr/lib/gcc/x86_64-linux-gnu/4.8/../../../x86_64-linux-gnu/crt1.o
 .rela.text.recv_and_process_client_pkt
                0x0000000000000000        0x0 /usr/lib/gcc/x86_64-linux-gnu/4.8/../../../x86_64-linux-gnu/crt1.o
 .rela.text.recv_and_process_peer_pkt
                0x0000000000000000        0x0 /usr/lib/gcc/x86_64-linux-gnu/4.8/../../../x86_64-linux-gnu/crt1.o
 .rela.text.ntpd_main
                0x0000000000000000        0x0 /usr/lib/gcc/x86_64-linux-gnu/4.8/../../../x86_64-linux-gnu/crt1.o
 .rela.text.unpack_tail
                0x0000000000000000        0x0 /usr/lib/gcc/x86_64-linux-gnu/4.8/../../../x86_64-linux-gnu/crt1.o
 .rela.text.print_stats_and_exit
                0x0000000000000000        0x0 /usr/lib/gcc/x86_64-linux-gnu/4.8/../../../x86_64-linux-gnu/crt1.o
 .rela.text.sendping_tail.constprop.1
                0x0000000000000000        0x0 /usr/lib/gcc/x86_64-linux-gnu/4.8/../../../x86_64-linux-gnu/crt1.o
 .rela.text.sendping4
                0x0000000000000000        0x0 /usr/lib/gcc/x86_64-linux-gnu/4.8/../../../x86_64-linux-gnu/crt1.o
 .rela.text.sendping6
                0x0000000000000000        0x0 /usr/lib/gcc/x86_64-linux-gnu/4.8/../../../x86_64-linux-gnu/crt1.o
 .rela.text.common_ping_main
                0x0000000000000000        0x0 /usr/lib/gcc/x86_64-linux-gnu/4.8/../../../x86_64-linux-gnu/crt1.o
 .rela.text.pscan_main
                0x0000000000000000        0x0 /usr/lib/gcc/x86_64-linux-gnu/4.8/../../../x86_64-linux-gnu/crt1.o
 .rela.text.kw_lookup
                0x0000000000000000        0x0 /usr/lib/gcc/x86_64-linux-gnu/4.8/../../../x86_64-linux-gnu/crt1.o
 .rela.text.INET6_displayroutes
                0x0000000000000000        0x0 /usr/lib/gcc/x86_64-linux-gnu/4.8/../../../x86_64-linux-gnu/crt1.o
 .rela.text.INET6_setroute
                0x0000000000000000        0x0 /usr/lib/gcc/x86_64-linux-gnu/4.8/../../../x86_64-linux-gnu/crt1.o
 .rela.text.INET_setroute
                0x0000000000000000        0x0 /usr/lib/gcc/x86_64-linux-gnu/4.8/../../../x86_64-linux-gnu/crt1.o
 .rela.text.bb_displayroutes
                0x0000000000000000        0x0 /usr/lib/gcc/x86_64-linux-gnu/4.8/../../../x86_64-linux-gnu/crt1.o
 .rela.text.route_main
                0x0000000000000000        0x0 /usr/lib/gcc/x86_64-linux-gnu/4.8/../../../x86_64-linux-gnu/crt1.o
 .rela.text.set_termios_state_or_warn
                0x0000000000000000        0x0 /usr/lib/gcc/x86_64-linux-gnu/4.8/../../../x86_64-linux-gnu/crt1.o
 .rela.text.restore_state_and_exit
                0x0000000000000000        0x0 /usr/lib/gcc/x86_64-linux-gnu/4.8/../../../x86_64-linux-gnu/crt1.o
 .rela.text.slattach_main
                0x0000000000000000        0x0 /usr/lib/gcc/x86_64-linux-gnu/4.8/../../../x86_64-linux-gnu/crt1.o
 .rela.text.connection_status
                0x0000000000000000        0x0 /usr/lib/gcc/x86_64-linux-gnu/4.8/../../../x86_64-linux-gnu/crt1.o
 .rela.text.sig_term_handler
                0x0000000000000000        0x0 /usr/lib/gcc/x86_64-linux-gnu/4.8/../../../x86_64-linux-gnu/crt1.o
 .rela.text.sig_child_handler
                0x0000000000000000        0x0 /usr/lib/gcc/x86_64-linux-gnu/4.8/../../../x86_64-linux-gnu/crt1.o
 .rela.text.xsetenv_proto
                0x0000000000000000        0x0 /usr/lib/gcc/x86_64-linux-gnu/4.8/../../../x86_64-linux-gnu/crt1.o
 .rela.text.xsetenv_plain
                0x0000000000000000        0x0 /usr/lib/gcc/x86_64-linux-gnu/4.8/../../../x86_64-linux-gnu/crt1.o
 .rela.text.tcpudpsvd_main
                0x0000000000000000        0x0 /usr/lib/gcc/x86_64-linux-gnu/4.8/../../../x86_64-linux-gnu/crt1.o
 .rela.text.ipsvd_perhost_add
                0x0000000000000000        0x0 /usr/lib/gcc/x86_64-linux-gnu/4.8/../../../x86_64-linux-gnu/crt1.o
 .rela.text.ipsvd_perhost_remove
                0x0000000000000000        0x0 /usr/lib/gcc/x86_64-linux-gnu/4.8/../../../x86_64-linux-gnu/crt1.o
 .rela.text.put_iac
                0x0000000000000000        0x0 /usr/lib/gcc/x86_64-linux-gnu/4.8/../../../x86_64-linux-gnu/crt1.o
 .rela.text.iac_flush
                0x0000000000000000        0x0 /usr/lib/gcc/x86_64-linux-gnu/4.8/../../../x86_64-linux-gnu/crt1.o
 .rela.text.put_iac2_merged
                0x0000000000000000        0x0 /usr/lib/gcc/x86_64-linux-gnu/4.8/../../../x86_64-linux-gnu/crt1.o
 .rela.text.rawmode
                0x0000000000000000        0x0 /usr/lib/gcc/x86_64-linux-gnu/4.8/../../../x86_64-linux-gnu/crt1.o
 .rela.text.cookmode
                0x0000000000000000        0x0 /usr/lib/gcc/x86_64-linux-gnu/4.8/../../../x86_64-linux-gnu/crt1.o
 .rela.text.setConMode
                0x0000000000000000        0x0 /usr/lib/gcc/x86_64-linux-gnu/4.8/../../../x86_64-linux-gnu/crt1.o
 .rela.text.con_escape
                0x0000000000000000        0x0 /usr/lib/gcc/x86_64-linux-gnu/4.8/../../../x86_64-linux-gnu/crt1.o
 .rela.text.handle_net_output
                0x0000000000000000        0x0 /usr/lib/gcc/x86_64-linux-gnu/4.8/../../../x86_64-linux-gnu/crt1.o
 .rela.text.telnet_main
                0x0000000000000000        0x0 /usr/lib/gcc/x86_64-linux-gnu/4.8/../../../x86_64-linux-gnu/crt1.o
 .rela.text.handle_sigchld
                0x0000000000000000        0x0 /usr/lib/gcc/x86_64-linux-gnu/4.8/../../../x86_64-linux-gnu/crt1.o
 .rela.text.make_new_session
                0x0000000000000000        0x0 /usr/lib/gcc/x86_64-linux-gnu/4.8/../../../x86_64-linux-gnu/crt1.o
 .rela.text.free_session
                0x0000000000000000        0x0 /usr/lib/gcc/x86_64-linux-gnu/4.8/../../../x86_64-linux-gnu/crt1.o
 .rela.text.telnetd_main
                0x0000000000000000        0x0 /usr/lib/gcc/x86_64-linux-gnu/4.8/../../../x86_64-linux-gnu/crt1.o
 .rela.text.tftp_blksize_check
                0x0000000000000000        0x0 /usr/lib/gcc/x86_64-linux-gnu/4.8/../../../x86_64-linux-gnu/crt1.o
 .rela.text.tftp_progress_update
                0x0000000000000000        0x0 /usr/lib/gcc/x86_64-linux-gnu/4.8/../../../x86_64-linux-gnu/crt1.o
 .rela.text.tftp_get_option
                0x0000000000000000        0x0 /usr/lib/gcc/x86_64-linux-gnu/4.8/../../../x86_64-linux-gnu/crt1.o
 .rela.text.tftp_progress_done
                0x0000000000000000        0x0 /usr/lib/gcc/x86_64-linux-gnu/4.8/../../../x86_64-linux-gnu/crt1.o
 .rela.text.tftp_protocol
                0x0000000000000000        0x0 /usr/lib/gcc/x86_64-linux-gnu/4.8/../../../x86_64-linux-gnu/crt1.o
 .rela.text.tftp_main
                0x0000000000000000        0x0 /usr/lib/gcc/x86_64-linux-gnu/4.8/../../../x86_64-linux-gnu/crt1.o
 .rela.text.tftpd_main
                0x0000000000000000        0x0 /usr/lib/gcc/x86_64-linux-gnu/4.8/../../../x86_64-linux-gnu/crt1.o
 .rela.text.pr_type
                0x0000000000000000        0x0 /usr/lib/gcc/x86_64-linux-gnu/4.8/../../../x86_64-linux-gnu/crt1.o
 .rela.text.common_traceroute_main
                0x0000000000000000        0x0 /usr/lib/gcc/x86_64-linux-gnu/4.8/../../../x86_64-linux-gnu/crt1.o
 .rela.text.tunctl_main
                0x0000000000000000        0x0 /usr/lib/gcc/x86_64-linux-gnu/4.8/../../../x86_64-linux-gnu/crt1.o
 .rela.text.xfind_str
                0x0000000000000000        0x0 /usr/lib/gcc/x86_64-linux-gnu/4.8/../../../x86_64-linux-gnu/crt1.o
 .rela.text.vconfig_main
                0x0000000000000000        0x0 /usr/lib/gcc/x86_64-linux-gnu/4.8/../../../x86_64-linux-gnu/crt1.o
 .rela.text.set_alarm
                0x0000000000000000        0x0 /usr/lib/gcc/x86_64-linux-gnu/4.8/../../../x86_64-linux-gnu/crt1.o
 .rela.text.open_socket
                0x0000000000000000        0x0 /usr/lib/gcc/x86_64-linux-gnu/4.8/../../../x86_64-linux-gnu/crt1.o
 .rela.text.base64enc
                0x0000000000000000        0x0 /usr/lib/gcc/x86_64-linux-gnu/4.8/../../../x86_64-linux-gnu/crt1.o
 .rela.text.fgets_and_trim
                0x0000000000000000        0x0 /usr/lib/gcc/x86_64-linux-gnu/4.8/../../../x86_64-linux-gnu/crt1.o
 .rela.text.reset_beg_range_to_zero
                0x0000000000000000        0x0 /usr/lib/gcc/x86_64-linux-gnu/4.8/../../../x86_64-linux-gnu/crt1.o
 .rela.text.parse_url
                0x0000000000000000        0x0 /usr/lib/gcc/x86_64-linux-gnu/4.8/../../../x86_64-linux-gnu/crt1.o
 .rela.text.gethdr
                0x0000000000000000        0x0 /usr/lib/gcc/x86_64-linux-gnu/4.8/../../../x86_64-linux-gnu/crt1.o
 .rela.text.progress_meter
                0x0000000000000000        0x0 /usr/lib/gcc/x86_64-linux-gnu/4.8/../../../x86_64-linux-gnu/crt1.o
 .rela.text.retrieve_file_data
                0x0000000000000000        0x0 /usr/lib/gcc/x86_64-linux-gnu/4.8/../../../x86_64-linux-gnu/crt1.o
 .rela.text.spawn_https_helper_openssl
                0x0000000000000000        0x0 /usr/lib/gcc/x86_64-linux-gnu/4.8/../../../x86_64-linux-gnu/crt1.o
 .rela.text.wget_main
                0x0000000000000000        0x0 /usr/lib/gcc/x86_64-linux-gnu/4.8/../../../x86_64-linux-gnu/crt1.o
 .rela.text.query
                0x0000000000000000        0x0 /usr/lib/gcc/x86_64-linux-gnu/4.8/../../../x86_64-linux-gnu/crt1.o
 .rela.text.whois_main
                0x0000000000000000        0x0 /usr/lib/gcc/x86_64-linux-gnu/4.8/../../../x86_64-linux-gnu/crt1.o
 .rela.text.run
                0x0000000000000000        0x0 /usr/lib/gcc/x86_64-linux-gnu/4.8/../../../x86_64-linux-gnu/crt1.o
 .rela.text.send_arp_request
                0x0000000000000000        0x0 /usr/lib/gcc/x86_64-linux-gnu/4.8/../../../x86_64-linux-gnu/crt1.o
 .rela.text.zcip_main
                0x0000000000000000        0x0 /usr/lib/gcc/x86_64-linux-gnu/4.8/../../../x86_64-linux-gnu/crt1.o
 .rela.text.isrv_want_rd
                0x0000000000000000        0x0 /usr/lib/gcc/x86_64-linux-gnu/4.8/../../../x86_64-linux-gnu/crt1.o
 .rela.text.isrv_want_wr
                0x0000000000000000        0x0 /usr/lib/gcc/x86_64-linux-gnu/4.8/../../../x86_64-linux-gnu/crt1.o
 .rela.text.isrv_dont_want_rd
                0x0000000000000000        0x0 /usr/lib/gcc/x86_64-linux-gnu/4.8/../../../x86_64-linux-gnu/crt1.o
 .rela.text.isrv_dont_want_wr
                0x0000000000000000        0x0 /usr/lib/gcc/x86_64-linux-gnu/4.8/../../../x86_64-linux-gnu/crt1.o
 .rela.text.isrv_close_fd
                0x0000000000000000        0x0 /usr/lib/gcc/x86_64-linux-gnu/4.8/../../../x86_64-linux-gnu/crt1.o
 .rela.text.handle_fd_set
                0x0000000000000000        0x0 /usr/lib/gcc/x86_64-linux-gnu/4.8/../../../x86_64-linux-gnu/crt1.o
 .rela.text.isrv_run
                0x0000000000000000        0x0 /usr/lib/gcc/x86_64-linux-gnu/4.8/../../../x86_64-linux-gnu/crt1.o
 .rela.text.ip_parse_common_args
                0x0000000000000000        0x0 /usr/lib/gcc/x86_64-linux-gnu/4.8/../../../x86_64-linux-gnu/crt1.o
 .rela.text.flush_update
                0x0000000000000000        0x0 /usr/lib/gcc/x86_64-linux-gnu/4.8/../../../x86_64-linux-gnu/crt1.o
 .rela.text.store_nlmsg
                0x0000000000000000        0x0 /usr/lib/gcc/x86_64-linux-gnu/4.8/../../../x86_64-linux-gnu/crt1.o
 .rela.text.print_linkinfo
                0x0000000000000000        0x0 /usr/lib/gcc/x86_64-linux-gnu/4.8/../../../x86_64-linux-gnu/crt1.o
 .rela.text.ipaddr_modify
                0x0000000000000000        0x0 /usr/lib/gcc/x86_64-linux-gnu/4.8/../../../x86_64-linux-gnu/crt1.o
 .rela.text.print_addrinfo
                0x0000000000000000        0x0 /usr/lib/gcc/x86_64-linux-gnu/4.8/../../../x86_64-linux-gnu/crt1.o
 .rela.text.ipaddr_list_or_flush
                0x0000000000000000        0x0 /usr/lib/gcc/x86_64-linux-gnu/4.8/../../../x86_64-linux-gnu/crt1.o
 .rela.text.do_ipaddr
                0x0000000000000000        0x0 /usr/lib/gcc/x86_64-linux-gnu/4.8/../../../x86_64-linux-gnu/crt1.o
 .rela.text.get_ctl_fd
                0x0000000000000000        0x0 /usr/lib/gcc/x86_64-linux-gnu/4.8/../../../x86_64-linux-gnu/crt1.o
 .rela.text.do_add_or_delete
                0x0000000000000000        0x0 /usr/lib/gcc/x86_64-linux-gnu/4.8/../../../x86_64-linux-gnu/crt1.o
 .rela.text.do_iplink
                0x0000000000000000        0x0 /usr/lib/gcc/x86_64-linux-gnu/4.8/../../../x86_64-linux-gnu/crt1.o
 .rela.text.ipneigh_list_or_flush
                0x0000000000000000        0x0 /usr/lib/gcc/x86_64-linux-gnu/4.8/../../../x86_64-linux-gnu/crt1.o
 .rela.text.print_neigh
                0x0000000000000000        0x0 /usr/lib/gcc/x86_64-linux-gnu/4.8/../../../x86_64-linux-gnu/crt1.o
 .rela.text.do_ipneigh
                0x0000000000000000        0x0 /usr/lib/gcc/x86_64-linux-gnu/4.8/../../../x86_64-linux-gnu/crt1.o
 .rela.text.iproute_reset_filter
                0x0000000000000000        0x0 /usr/lib/gcc/x86_64-linux-gnu/4.8/../../../x86_64-linux-gnu/crt1.o
 .rela.text.print_route
                0x0000000000000000        0x0 /usr/lib/gcc/x86_64-linux-gnu/4.8/../../../x86_64-linux-gnu/crt1.o
 .rela.text.iproute_get
                0x0000000000000000        0x0 /usr/lib/gcc/x86_64-linux-gnu/4.8/../../../x86_64-linux-gnu/crt1.o
 .rela.text.iproute_list_or_flush
                0x0000000000000000        0x0 /usr/lib/gcc/x86_64-linux-gnu/4.8/../../../x86_64-linux-gnu/crt1.o
 .rela.text.iproute_modify
                0x0000000000000000        0x0 /usr/lib/gcc/x86_64-linux-gnu/4.8/../../../x86_64-linux-gnu/crt1.o
 .rela.text.do_iproute
                0x0000000000000000        0x0 /usr/lib/gcc/x86_64-linux-gnu/4.8/../../../x86_64-linux-gnu/crt1.o
 .rela.text.iprule_modify
                0x0000000000000000        0x0 /usr/lib/gcc/x86_64-linux-gnu/4.8/../../../x86_64-linux-gnu/crt1.o
 .rela.text.print_rule
                0x0000000000000000        0x0 /usr/lib/gcc/x86_64-linux-gnu/4.8/../../../x86_64-linux-gnu/crt1.o
 .rela.text.do_iprule
                0x0000000000000000        0x0 /usr/lib/gcc/x86_64-linux-gnu/4.8/../../../x86_64-linux-gnu/crt1.o
 .rela.text.do_get_ioctl
                0x0000000000000000        0x0 /usr/lib/gcc/x86_64-linux-gnu/4.8/../../../x86_64-linux-gnu/crt1.o
 .rela.text.do_add_ioctl
                0x0000000000000000        0x0 /usr/lib/gcc/x86_64-linux-gnu/4.8/../../../x86_64-linux-gnu/crt1.o
 .rela.text.do_del_ioctl
                0x0000000000000000        0x0 /usr/lib/gcc/x86_64-linux-gnu/4.8/../../../x86_64-linux-gnu/crt1.o
 .rela.text.print_tunnel
                0x0000000000000000        0x0 /usr/lib/gcc/x86_64-linux-gnu/4.8/../../../x86_64-linux-gnu/crt1.o
 .rela.text.parse_args
                0x0000000000000000        0x0 /usr/lib/gcc/x86_64-linux-gnu/4.8/../../../x86_64-linux-gnu/crt1.o
 .rela.text.do_add
                0x0000000000000000        0x0 /usr/lib/gcc/x86_64-linux-gnu/4.8/../../../x86_64-linux-gnu/crt1.o
 .rela.text.do_tunnels_list
                0x0000000000000000        0x0 /usr/lib/gcc/x86_64-linux-gnu/4.8/../../../x86_64-linux-gnu/crt1.o
 .rela.text.do_iptunnel
                0x0000000000000000        0x0 /usr/lib/gcc/x86_64-linux-gnu/4.8/../../../x86_64-linux-gnu/crt1.o
 .rela.text.xrtnl_open
                0x0000000000000000        0x0 /usr/lib/gcc/x86_64-linux-gnu/4.8/../../../x86_64-linux-gnu/crt1.o
 .rela.text.rtnl_dump_request
                0x0000000000000000        0x0 /usr/lib/gcc/x86_64-linux-gnu/4.8/../../../x86_64-linux-gnu/crt1.o
 .rela.text.xrtnl_dump_filter
                0x0000000000000000        0x0 /usr/lib/gcc/x86_64-linux-gnu/4.8/../../../x86_64-linux-gnu/crt1.o
 .rela.text.rtnl_talk
                0x0000000000000000        0x0 /usr/lib/gcc/x86_64-linux-gnu/4.8/../../../x86_64-linux-gnu/crt1.o
 .rela.text.ll_addr_n2a
                0x0000000000000000        0x0 /usr/lib/gcc/x86_64-linux-gnu/4.8/../../../x86_64-linux-gnu/crt1.o
 .rela.text.ll_addr_a2n
                0x0000000000000000        0x0 /usr/lib/gcc/x86_64-linux-gnu/4.8/../../../x86_64-linux-gnu/crt1.o
 .rela.text.ll_remember_index
                0x0000000000000000        0x0 /usr/lib/gcc/x86_64-linux-gnu/4.8/../../../x86_64-linux-gnu/crt1.o
 .rela.text.ll_index_to_name
                0x0000000000000000        0x0 /usr/lib/gcc/x86_64-linux-gnu/4.8/../../../x86_64-linux-gnu/crt1.o
 .rela.text.xll_name_to_index
                0x0000000000000000        0x0 /usr/lib/gcc/x86_64-linux-gnu/4.8/../../../x86_64-linux-gnu/crt1.o
 .rela.text.ll_type_n2a
                0x0000000000000000        0x0 /usr/lib/gcc/x86_64-linux-gnu/4.8/../../../x86_64-linux-gnu/crt1.o
 .rela.text.rtnl_tab_initialize
                0x0000000000000000        0x0 /usr/lib/gcc/x86_64-linux-gnu/4.8/../../../x86_64-linux-gnu/crt1.o
 .rela.text.rtnl_a2n
                0x0000000000000000        0x0 /usr/lib/gcc/x86_64-linux-gnu/4.8/../../../x86_64-linux-gnu/crt1.o
 .rela.text.rtnl_rtntype_a2n
                0x0000000000000000        0x0 /usr/lib/gcc/x86_64-linux-gnu/4.8/../../../x86_64-linux-gnu/crt1.o
 .rela.text.get_rt_realms
                0x0000000000000000        0x0 /usr/lib/gcc/x86_64-linux-gnu/4.8/../../../x86_64-linux-gnu/crt1.o
 .rela.text.get_hz
                0x0000000000000000        0x0 /usr/lib/gcc/x86_64-linux-gnu/4.8/../../../x86_64-linux-gnu/crt1.o
 .rela.text.get_addr_1
                0x0000000000000000        0x0 /usr/lib/gcc/x86_64-linux-gnu/4.8/../../../x86_64-linux-gnu/crt1.o
 .rela.text.get_prefix
                0x0000000000000000        0x0 /usr/lib/gcc/x86_64-linux-gnu/4.8/../../../x86_64-linux-gnu/crt1.o
 .rela.text.get_unsigned
                0x0000000000000000        0x0 /usr/lib/gcc/x86_64-linux-gnu/4.8/../../../x86_64-linux-gnu/crt1.o
 .rela.text.get_u32
                0x0000000000000000        0x0 /usr/lib/gcc/x86_64-linux-gnu/4.8/../../../x86_64-linux-gnu/crt1.o
 .rela.text.get_u16
                0x0000000000000000        0x0 /usr/lib/gcc/x86_64-linux-gnu/4.8/../../../x86_64-linux-gnu/crt1.o
 .rela.text.inet_addr_match
                0x0000000000000000        0x0 /usr/lib/gcc/x86_64-linux-gnu/4.8/../../../x86_64-linux-gnu/crt1.o
 .rela.text.rt_addr_n2a
                0x0000000000000000        0x0 /usr/lib/gcc/x86_64-linux-gnu/4.8/../../../x86_64-linux-gnu/crt1.o
 .rela.text.alloc_dhcp_option
                0x0000000000000000        0x0 /usr/lib/gcc/x86_64-linux-gnu/4.8/../../../x86_64-linux-gnu/crt1.o
 .rela.text.init_packet
                0x0000000000000000        0x0 /usr/lib/gcc/x86_64-linux-gnu/4.8/../../../x86_64-linux-gnu/crt1.o
 .rela.text.add_client_options
                0x0000000000000000        0x0 /usr/lib/gcc/x86_64-linux-gnu/4.8/../../../x86_64-linux-gnu/crt1.o
 .rela.text.raw_bcast_from_client_config_ifindex
                0x0000000000000000        0x0 /usr/lib/gcc/x86_64-linux-gnu/4.8/../../../x86_64-linux-gnu/crt1.o
 .rela.text.send_discover
                0x0000000000000000        0x0 /usr/lib/gcc/x86_64-linux-gnu/4.8/../../../x86_64-linux-gnu/crt1.o
 .rela.text.send_select
                0x0000000000000000        0x0 /usr/lib/gcc/x86_64-linux-gnu/4.8/../../../x86_64-linux-gnu/crt1.o
 .rela.text.send_decline
                0x0000000000000000        0x0 /usr/lib/gcc/x86_64-linux-gnu/4.8/../../../x86_64-linux-gnu/crt1.o
 .rela.text.send_renew
                0x0000000000000000        0x0 /usr/lib/gcc/x86_64-linux-gnu/4.8/../../../x86_64-linux-gnu/crt1.o
 .rela.text.client_background
                0x0000000000000000        0x0 /usr/lib/gcc/x86_64-linux-gnu/4.8/../../../x86_64-linux-gnu/crt1.o
 .rela.text.sprint_nip
                0x0000000000000000        0x0 /usr/lib/gcc/x86_64-linux-gnu/4.8/../../../x86_64-linux-gnu/crt1.o
 .rela.text.change_listen_mode
                0x0000000000000000        0x0 /usr/lib/gcc/x86_64-linux-gnu/4.8/../../../x86_64-linux-gnu/crt1.o
 .rela.text.udhcp_recv_raw_packet
                0x0000000000000000        0x0 /usr/lib/gcc/x86_64-linux-gnu/4.8/../../../x86_64-linux-gnu/crt1.o
 .rela.text.xmalloc_optname_optval.isra.0
                0x0000000000000000        0x0 /usr/lib/gcc/x86_64-linux-gnu/4.8/../../../x86_64-linux-gnu/crt1.o
 .rela.text.udhcp_run_script
                0x0000000000000000        0x0 /usr/lib/gcc/x86_64-linux-gnu/4.8/../../../x86_64-linux-gnu/crt1.o
 .rela.text.send_release
                0x0000000000000000        0x0 /usr/lib/gcc/x86_64-linux-gnu/4.8/../../../x86_64-linux-gnu/crt1.o
 .rela.text.perform_release
                0x0000000000000000        0x0 /usr/lib/gcc/x86_64-linux-gnu/4.8/../../../x86_64-linux-gnu/crt1.o
 .rela.text.udhcpc_main
                0x0000000000000000        0x0 /usr/lib/gcc/x86_64-linux-gnu/4.8/../../../x86_64-linux-gnu/crt1.o
 .rela.text.find_lease_by_nip
                0x0000000000000000        0x0 /usr/lib/gcc/x86_64-linux-gnu/4.8/../../../x86_64-linux-gnu/crt1.o
 .rela.text.read_u32
                0x0000000000000000        0x0 /usr/lib/gcc/x86_64-linux-gnu/4.8/../../../x86_64-linux-gnu/crt1.o
 .rela.text.read_str
                0x0000000000000000        0x0 /usr/lib/gcc/x86_64-linux-gnu/4.8/../../../x86_64-linux-gnu/crt1.o
 .rela.text.read_config
                0x0000000000000000        0x0 /usr/lib/gcc/x86_64-linux-gnu/4.8/../../../x86_64-linux-gnu/crt1.o
 .rela.text.select_lease_time
                0x0000000000000000        0x0 /usr/lib/gcc/x86_64-linux-gnu/4.8/../../../x86_64-linux-gnu/crt1.o
 .rela.text.write_leases
                0x0000000000000000        0x0 /usr/lib/gcc/x86_64-linux-gnu/4.8/../../../x86_64-linux-gnu/crt1.o
 .rela.text.read_staticlease